2021-07-12 19:02:22.005 31229-31229/com.android.todolist D/InputMethodManager: getNavigationBarColor() -855310
2021-07-12 19:02:22.008 31229-31229/com.android.todolist D/InputMethodManager: prepareNavigationBarInfo() DecorView@529a130[ListActivity]
2021-07-12 19:02:22.008 31229-31229/com.android.todolist D/InputMethodManager: getNavigationBarColor() -855310
2021-07-12 19:02:22.009 31229-31229/com.android.todolist V/InputMethodManager: Starting input: tba=com.android.todolist ic=null mNaviBarColor -855310 mIsGetNaviBarColorSuccess true , NavVisible : true , NavTrans : false
2021-07-12 19:02:22.009 31229-31229/com.android.todolist D/InputMethodManager: startInputInner - Id : 0
2021-07-12 19:02:22.009 31229-31229/com.android.todolist I/InputMethodManager: startInputInner - mService.startInputOrWindowGainedFocus
2021-07-12 19:02:22.010 31229-31229/com.android.todolist D/InputTransport: Input channel destroyed: 'ClientS', fd=83
2021-07-12 19:02:22.012 31229-31263/com.android.todolist D/OpenGLRenderer: makeCurrent EglSurface : 0x7095e04100 -> 0x70c4beae80
2021-07-12 19:02:22.014 31229-31263/com.android.todolist D/OpenGLRenderer: makeCurrent EglSurface : 0x70c4beae80 -> 0x7095e04100
2021-07-12 19:02:22.014 31229-31229/com.android.todolist D/ViewRootImpl@53dc75f[ListActivity]: MSG_RESIZED: frame=(0,0,1080,2280) ci=(0,90,0,126) vi=(0,90,0,126) or=1
2021-07-12 19:02:22.028 31229-31263/com.android.todolist D/OpenGLRenderer: makeCurrent EglSurface : 0x7095e04100 -> 0x70c4beae80
2021-07-12 19:02:22.029 31229-31263/com.android.todolist D/OpenGLRenderer: makeCurrent EglSurface : 0x70c4beae80 -> 0x7095e04100
2021-07-12 19:02:22.044 31229-31263/com.android.todolist D/OpenGLRenderer: makeCurrent EglSurface : 0x7095e04100 -> 0x70c4beae80
2021-07-12 19:02:22.311 31229-31263/com.android.todolist D/OpenGLRenderer: makeCurrent EglSurface : 0x70c4beae80 -> 0x0
2021-07-12 19:02:22.311 31229-31263/com.android.todolist D/OpenGLRenderer: destroyEglSurface : 0x70c4beae80
2021-07-12 19:02:22.311 31229-31263/com.android.todolist I/mali_egl: eglDestroySurface() in
2021-07-12 19:02:22.316 31229-31263/com.android.todolist I/mali_winsys: delete_surface() [1080x2280] return
2021-07-12 19:02:22.316 31229-31263/com.android.todolist I/mali_egl: eglDestroySurface() out
2021-07-12 19:02:22.317 31229-31263/com.android.todolist W/libEGL: EGLNativeWindowType 0x70b56fccd0 disconnect failed
2021-07-12 19:02:22.317 31229-31263/com.android.todolist D/OpenGLRenderer: ~ReliableSurface : 0x70b56fccc0
2021-07-12 19:02:22.325 31229-31229/com.android.todolist D/ViewRootImpl@97f0360[MainActivity]: Relayout returned: old=(0,0,1080,2280) new=(0,0,1080,2280) req=(1080,2280)8 dur=7 res=0x5 s={false 0} ch=true
2021-07-12 19:02:22.325 31229-31229/com.android.todolist D/ViewRootImpl@97f0360[MainActivity]: stopped(true) old=false
2021-07-12 19:02:22.348 31229-31229/com.android.todolist D/ViewRootImpl@97f0360[MainActivity]: Relayout returned: old=(0,0,1080,2280) new=(0,0,1080,2280) req=(1080,2280)8 dur=4 res=0x5 s={false 0} ch=false
2021-07-12 19:02:23.595 31229-31263/com.android.todolist D/OpenGLRenderer: makeCurrent EglSurface : 0x0 -> 0x7095e04100
2021-07-12 19:02:23.895 31229-2174/com.android.todolist V/Toast: HIDE: android.widget.Toast$TN@635948a
2021-07-12 19:02:23.895 31229-31229/com.android.todolist V/Toast: HANDLE HIDE: android.widget.Toast$TN@635948a mView=android.widget.LinearLayout{4ce7afb V.E...... ........ 0,0-153,116}
2021-07-12 19:02:23.895 31229-31229/com.android.todolist V/Toast: REMOVE! android.widget.LinearLayout{4ce7afb V.E...... ........ 0,0-153,116} in android.widget.Toast$TN@635948a
2021-07-12 19:02:23.895 31229-31263/com.android.todolist D/OpenGLRenderer: destroyEglSurface : 0x70c4c88e00
2021-07-12 19:02:23.895 31229-31263/com.android.todolist I/mali_egl: eglDestroySurface() in
2021-07-12 19:02:23.897 31229-31263/com.android.todolist I/mali_winsys: delete_surface() [153x116] return
2021-07-12 19:02:23.897 31229-31263/com.android.todolist I/mali_egl: eglDestroySurface() out
2021-07-12 19:02:23.897 31229-31263/com.android.todolist W/libEGL: EGLNativeWindowType 0x711fdabe10 disconnect failed
2021-07-12 19:02:23.897 31229-31263/com.android.todolist D/OpenGLRenderer: ~ReliableSurface : 0x711fdabe00
2021-07-12 19:02:23.897 31229-31229/com.android.todolist D/ViewRootImpl@be06f56[Toast]: dispatchDetachedFromWindow
2021-07-12 19:02:23.900 31229-31229/com.android.todolist D/InputTransport: Input channel destroyed: '9597448', fd=85
2021-07-12 19:02:24.100 31229-31229/com.android.todolist D/ViewRootImpl@53dc75f[ListActivity]: ViewPostIme pointer 0
2021-07-12 19:02:24.167 31229-31229/com.android.todolist D/ViewRootImpl@53dc75f[ListActivity]: ViewPostIme pointer 1
2021-07-12 19:02:24.181 31229-31229/com.android.todolist D/InputMethodManager: SSI - flag : 1 Pid : 31229 view : com.android.todolist
2021-07-12 19:02:24.184 31229-31229/com.android.todolist D/InputMethodManager: prepareNavigationBarInfo() DecorView@529a130[ListActivity]
2021-07-12 19:02:24.184 31229-31229/com.android.todolist D/InputMethodManager: getNavigationBarColor() -855310
2021-07-12 19:02:24.184 31229-31229/com.android.todolist V/InputMethodManager: Starting input: tba=com.android.todolist ic=com.android.internal.widget.EditableInputConnection@135d25b mNaviBarColor -855310 mIsGetNaviBarColorSuccess true , NavVisible : true , NavTrans : false
2021-07-12 19:02:24.184 31229-31229/com.android.todolist D/InputMethodManager: startInputInner - Id : 0
2021-07-12 19:02:24.188 31229-31229/com.android.todolist I/InputMethodManager: startInputInner - mService.startInputOrWindowGainedFocus
2021-07-12 19:02:24.190 31229-31229/com.android.todolist D/InputTransport: Input channel destroyed: 'ClientS', fd=97
2021-07-12 19:02:24.190 31229-31229/com.android.todolist D/InputMethodManager: prepareNavigationBarInfo() DecorView@529a130[ListActivity]
2021-07-12 19:02:24.190 31229-31229/com.android.todolist D/InputMethodManager: getNavigationBarColor() -855310
2021-07-12 19:02:24.206 31229-31229/com.android.todolist E/ndroid.todolis: Invalid ID 0x00000000.
2021-07-12 19:02:24.208 31229-31229/com.android.todolist I/AssistStructure: Flattened final assist data: 1560 bytes, containing 1 windows, 10 views
2021-07-12 19:02:25.601 31229-31229/com.android.todolist D/ViewRootImpl@53dc75f[ListActivity]: ViewPostIme pointer 0
2021-07-12 19:02:25.652 31229-31229/com.android.todolist D/ViewRootImpl@53dc75f[ListActivity]: ViewPostIme pointer 1
2021-07-12 19:02:25.652 31229-31229/com.android.todolist D/InputMethodManager: SSI - flag : 0 Pid : 31229 view : com.android.todolist
2021-07-12 19:02:25.652 31229-31229/com.android.todolist D/InputMethodManager: prepareNavigationBarInfo() DecorView@529a130[ListActivity]
2021-07-12 19:02:25.652 31229-31229/com.android.todolist D/InputMethodManager: getNavigationBarColor() -855310
2021-07-12 19:02:25.665 31229-31229/com.android.todolist D/skia: approximate: numPoints=5, lengths[0]=0.000000, totalLength=8.845903, segmentPoints[0]=[0.000000,6.000000]
2021-07-12 19:02:25.665 31229-31229/com.android.todolist D/skia: approximate: approximation[0]=0.000000, approximation[1]=0.000000, approximation[2]=6.000000
2021-07-12 19:02:25.665 31229-31229/com.android.todolist D/skia: approximate: numPoints=5, lengths[4]=8.845903, totalLength=8.845903, segmentPoints[4]=[-6.500000,0.000000]
2021-07-12 19:02:25.665 31229-31229/com.android.todolist D/skia: approximate: approximation[12]=1.000000, approximation[13]=-6.500000, approximation[14]=0.000000
2021-07-12 19:02:25.666 31229-31229/com.android.todolist D/skia: approximate: numPoints=5, lengths[4]=4.500000, totalLength=4.500000, segmentPoints[4]=[4.500000,0.000000]
2021-07-12 19:02:25.666 31229-31229/com.android.todolist D/skia: approximate: approximation[12]=1.000000, approximation[13]=4.500000, approximation[14]=0.000000
2021-07-12 19:02:25.667 31229-31229/com.android.todolist D/skia: approximate: numPoints=5, lengths[4]=8.000000, totalLength=8.000000, segmentPoints[4]=[-8.000000,0.000000]
2021-07-12 19:02:25.667 31229-31229/com.android.todolist D/skia: approximate: approximation[12]=1.000000, approximation[13]=-8.000000, approximation[14]=0.000000
2021-07-12 19:02:25.667 31229-31229/com.android.todolist D/skia: approximate: numPoints=6, lengths[5]=11.000000, totalLength=11.000000, segmentPoints[5]=[9.000000,0.000000]
2021-07-12 19:02:25.667 31229-31229/com.android.todolist D/skia: approximate: approximation[15]=1.000000, approximation[16]=9.000000, approximation[17]=0.000000
2021-07-12 19:02:25.669 31229-31229/com.android.todolist D/skia: approximate: numPoints=5, lengths[0]=0.000000, totalLength=8.845903, segmentPoints[0]=[0.000000,-6.000000]
2021-07-12 19:02:25.669 31229-31229/com.android.todolist D/skia: approximate: approximation[0]=0.000000, approximation[1]=0.000000, approximation[2]=-6.000000
2021-07-12 19:02:25.669 31229-31229/com.android.todolist D/skia: approximate: numPoints=5, lengths[4]=8.845903, totalLength=8.845903, segmentPoints[4]=[-6.500000,0.000000]
2021-07-12 19:02:25.669 31229-31229/com.android.todolist D/skia: approximate: approximation[12]=1.000000, approximation[13]=-6.500000, approximation[14]=0.000000
2021-07-12 19:02:25.670 31229-31229/com.android.todolist D/skia: approximate: numPoints=5, lengths[4]=4.500000, totalLength=4.500000, segmentPoints[4]=[4.500000,0.000000]
2021-07-12 19:02:25.670 31229-31229/com.android.todolist D/skia: approximate: approximation[12]=1.000000, approximation[13]=4.500000, approximation[14]=0.000000
2021-07-12 19:02:25.677 31229-31229/com.android.todolist D/skia: approximate: numPoints=5, lengths[0]=0.000000, totalLength=8.845903, segmentPoints[0]=[-6.500000,0.000000]
2021-07-12 19:02:25.677 31229-31229/com.android.todolist D/skia: approximate: approximation[0]=0.000000, approximation[1]=-6.500000, approximation[2]=0.000000
2021-07-12 19:02:25.677 31229-31229/com.android.todolist D/skia: approximate: numPoints=5, lengths[4]=8.845903, totalLength=8.845903, segmentPoints[4]=[0.000000,6.000000]
2021-07-12 19:02:25.677 31229-31229/com.android.todolist D/skia: approximate: approximation[12]=1.000000, approximation[13]=0.000000, approximation[14]=6.000000
2021-07-12 19:02:25.677 31229-31229/com.android.todolist D/skia: approximate: numPoints=5, lengths[0]=0.000000, totalLength=4.500000, segmentPoints[0]=[4.500000,0.000000]
2021-07-12 19:02:25.677 31229-31229/com.android.todolist D/skia: approximate: approximation[0]=0.000000, approximation[1]=4.500000, approximation[2]=0.000000
2021-07-12 19:02:25.677 31229-31229/com.android.todolist D/skia: approximate: numPoints=5, lengths[4]=4.500000, totalLength=4.500000, segmentPoints[4]=[0.000000,0.000000]
2021-07-12 19:02:25.677 31229-31229/com.android.todolist D/skia: approximate: approximation[12]=1.000000, approximation[13]=0.000000, approximation[14]=0.000000
2021-07-12 19:02:25.679 31229-31229/com.android.todolist D/skia: approximate: numPoints=5, lengths[0]=0.000000, totalLength=8.000000, segmentPoints[0]=[-8.000000,0.000000]
2021-07-12 19:02:25.679 31229-31229/com.android.todolist D/skia: approximate: approximation[0]=0.000000, approximation[1]=-8.000000, approximation[2]=0.000000
2021-07-12 19:02:25.679 31229-31229/com.android.todolist D/skia: approximate: numPoints=5, lengths[4]=8.000000, totalLength=8.000000, segmentPoints[4]=[0.000000,0.000000]
2021-07-12 19:02:25.679 31229-31229/com.android.todolist D/skia: approximate: approximation[12]=1.000000, approximation[13]=0.000000, approximation[14]=0.000000
2021-07-12 19:02:25.679 31229-31229/com.android.todolist D/skia: approximate: numPoints=5, lengths[0]=0.000000, totalLength=9.000000, segmentPoints[0]=[9.000000,0.000000]
2021-07-12 19:02:25.680 31229-31229/com.android.todolist D/skia: approximate: approximation[0]=0.000000, approximation[1]=9.000000, approximation[2]=0.000000
2021-07-12 19:02:25.680 31229-31229/com.android.todolist D/skia: approximate: numPoints=5, lengths[4]=9.000000, totalLength=9.000000, segmentPoints[4]=[0.000000,0.000000]
2021-07-12 19:02:25.680 31229-31229/com.android.todolist D/skia: approximate: approximation[12]=1.000000, approximation[13]=0.000000, approximation[14]=0.000000
2021-07-12 19:02:25.681 31229-31229/com.android.todolist D/skia: approximate: numPoints=5, lengths[0]=0.000000, totalLength=8.845903, segmentPoints[0]=[-6.500000,0.000000]
2021-07-12 19:02:25.681 31229-31229/com.android.todolist D/skia: approximate: approximation[0]=0.000000, approximation[1]=-6.500000, approximation[2]=0.000000
2021-07-12 19:02:25.681 31229-31229/com.android.todolist D/skia: approximate: numPoints=5, lengths[4]=8.845903, totalLength=8.845903, segmentPoints[4]=[0.000000,-6.000000]
2021-07-12 19:02:25.681 31229-31229/com.android.todolist D/skia: approximate: approximation[12]=1.000000, approximation[13]=0.000000, approximation[14]=-6.000000
2021-07-12 19:02:25.682 31229-31229/com.android.todolist D/skia: approximate: numPoints=5, lengths[0]=0.000000, totalLength=4.500000, segmentPoints[0]=[4.500000,0.000000]
2021-07-12 19:02:25.682 31229-31229/com.android.todolist D/skia: approximate: approximation[0]=0.000000, approximation[1]=4.500000, approximation[2]=0.000000
2021-07-12 19:02:25.682 31229-31229/com.android.todolist D/skia: approximate: numPoints=5, lengths[4]=4.500000, totalLength=4.500000, segmentPoints[4]=[0.000000,0.000000]
2021-07-12 19:02:25.682 31229-31229/com.android.todolist D/skia: approximate: approximation[12]=1.000000, approximation[13]=0.000000, approximation[14]=0.000000
2021-07-12 19:02:25.700 31229-31229/com.android.todolist D/TextView: latestClip type : TEXT
2021-07-12 19:02:25.702 31229-31229/com.android.todolist D/skia: approximate: numPoints=5, lengths[0]=0.000000, totalLength=8.845903, segmentPoints[0]=[0.000000,6.000000]
2021-07-12 19:02:25.702 31229-31229/com.android.todolist D/skia: approximate: approximation[0]=0.000000, approximation[1]=0.000000, approximation[2]=6.000000
2021-07-12 19:02:25.702 31229-31229/com.android.todolist D/skia: approximate: numPoints=5, lengths[4]=8.845903, totalLength=8.845903, segmentPoints[4]=[-6.500000,0.000000]
2021-07-12 19:02:25.702 31229-31229/com.android.todolist D/skia: approximate: approximation[12]=1.000000, approximation[13]=-6.500000, approximation[14]=0.000000
2021-07-12 19:02:25.703 31229-31229/com.android.todolist D/skia: approximate: numPoints=5, lengths[4]=4.500000, totalLength=4.500000, segmentPoints[4]=[4.500000,0.000000]
2021-07-12 19:02:25.703 31229-31229/com.android.todolist D/skia: approximate: approximation[12]=1.000000, approximation[13]=4.500000, approximation[14]=0.000000
2021-07-12 19:02:25.704 31229-31229/com.android.todolist D/skia: approximate: numPoints=5, lengths[4]=8.000000, totalLength=8.000000, segmentPoints[4]=[-8.000000,0.000000]
2021-07-12 19:02:25.704 31229-31229/com.android.todolist D/skia: approximate: approximation[12]=1.000000, approximation[13]=-8.000000, approximation[14]=0.000000
2021-07-12 19:02:25.704 31229-31229/com.android.todolist D/skia: approximate: numPoints=6, lengths[5]=11.000000, totalLength=11.000000, segmentPoints[5]=[9.000000,0.000000]
2021-07-12 19:02:25.704 31229-31229/com.android.todolist D/skia: approximate: approximation[15]=1.000000, approximation[16]=9.000000, approximation[17]=0.000000
2021-07-12 19:02:25.706 31229-31229/com.android.todolist D/skia: approximate: numPoints=5, lengths[0]=0.000000, totalLength=8.845903, segmentPoints[0]=[0.000000,-6.000000]
2021-07-12 19:02:25.706 31229-31229/com.android.todolist D/skia: approximate: approximation[0]=0.000000, approximation[1]=0.000000, approximation[2]=-6.000000
2021-07-12 19:02:25.706 31229-31229/com.android.todolist D/skia: approximate: numPoints=5, lengths[4]=8.845903, totalLength=8.845903, segmentPoints[4]=[-6.500000,0.000000]
2021-07-12 19:02:25.706 31229-31229/com.android.todolist D/skia: approximate: approximation[12]=1.000000, approximation[13]=-6.500000, approximation[14]=0.000000
2021-07-12 19:02:25.706 31229-31229/com.android.todolist D/skia: approximate: numPoints=5, lengths[4]=4.500000, totalLength=4.500000, segmentPoints[4]=[4.500000,0.000000]
2021-07-12 19:02:25.706 31229-31229/com.android.todolist D/skia: approximate: approximation[12]=1.000000, approximation[13]=4.500000, approximation[14]=0.000000
2021-07-12 19:02:25.708 31229-31229/com.android.todolist D/skia: approximate: numPoints=5, lengths[0]=0.000000, totalLength=8.845903, segmentPoints[0]=[-6.500000,0.000000]
2021-07-12 19:02:25.708 31229-31229/com.android.todolist D/skia: approximate: approximation[0]=0.000000, approximation[1]=-6.500000, approximation[2]=0.000000
2021-07-12 19:02:25.708 31229-31229/com.android.todolist D/skia: approximate: numPoints=5, lengths[4]=8.845903, totalLength=8.845903, segmentPoints[4]=[0.000000,6.000000]
2021-07-12 19:02:25.708 31229-31229/com.android.todolist D/skia: approximate: approximation[12]=1.000000, approximation[13]=0.000000, approximation[14]=6.000000
2021-07-12 19:02:25.708 31229-31229/com.android.todolist D/skia: approximate: numPoints=5, lengths[0]=0.000000, totalLength=4.500000, segmentPoints[0]=[4.500000,0.000000]
2021-07-12 19:02:25.708 31229-31229/com.android.todolist D/skia: approximate: approximation[0]=0.000000, approximation[1]=4.500000, approximation[2]=0.000000
2021-07-12 19:02:25.708 31229-31229/com.android.todolist D/skia: approximate: numPoints=5, lengths[4]=4.500000, totalLength=4.500000, segmentPoints[4]=[0.000000,0.000000]
2021-07-12 19:02:25.708 31229-31229/com.android.todolist D/skia: approximate: approximation[12]=1.000000, approximation[13]=0.000000, approximation[14]=0.000000
2021-07-12 19:02:25.710 31229-31229/com.android.todolist D/skia: approximate: numPoints=5, lengths[0]=0.000000, totalLength=8.000000, segmentPoints[0]=[-8.000000,0.000000]
2021-07-12 19:02:25.710 31229-31229/com.android.todolist D/skia: approximate: approximation[0]=0.000000, approximation[1]=-8.000000, approximation[2]=0.000000
2021-07-12 19:02:25.710 31229-31229/com.android.todolist D/skia: approximate: numPoints=5, lengths[4]=8.000000, totalLength=8.000000, segmentPoints[4]=[0.000000,0.000000]
2021-07-12 19:02:25.710 31229-31229/com.android.todolist D/skia: approximate: approximation[12]=1.000000, approximation[13]=0.000000, approximation[14]=0.000000
2021-07-12 19:02:25.710 31229-31229/com.android.todolist D/skia: approximate: numPoints=5, lengths[0]=0.000000, totalLength=9.000000, segmentPoints[0]=[9.000000,0.000000]
2021-07-12 19:02:25.710 31229-31229/com.android.todolist D/skia: approximate: approximation[0]=0.000000, approximation[1]=9.000000, approximation[2]=0.000000
2021-07-12 19:02:25.710 31229-31229/com.android.todolist D/skia: approximate: numPoints=5, lengths[4]=9.000000, totalLength=9.000000, segmentPoints[4]=[0.000000,0.000000]
2021-07-12 19:02:25.710 31229-31229/com.android.todolist D/skia: approximate: approximation[12]=1.000000, approximation[13]=0.000000, approximation[14]=0.000000
2021-07-12 19:02:25.712 31229-31229/com.android.todolist D/skia: approximate: numPoints=5, lengths[0]=0.000000, totalLength=8.845903, segmentPoints[0]=[-6.500000,0.000000]
2021-07-12 19:02:25.712 31229-31229/com.android.todolist D/skia: approximate: approximation[0]=0.000000, approximation[1]=-6.500000, approximation[2]=0.000000
2021-07-12 19:02:25.712 31229-31229/com.android.todolist D/skia: approximate: numPoints=5, lengths[4]=8.845903, totalLength=8.845903, segmentPoints[4]=[0.000000,-6.000000]
2021-07-12 19:02:25.712 31229-31229/com.android.todolist D/skia: approximate: approximation[12]=1.000000, approximation[13]=0.000000, approximation[14]=-6.000000
2021-07-12 19:02:25.712 31229-31229/com.android.todolist D/skia: approximate: numPoints=5, lengths[0]=0.000000, totalLength=4.500000, segmentPoints[0]=[4.500000,0.000000]
2021-07-12 19:02:25.712 31229-31229/com.android.todolist D/skia: approximate: approximation[0]=0.000000, approximation[1]=4.500000, approximation[2]=0.000000
2021-07-12 19:02:25.712 31229-31229/com.android.todolist D/skia: approximate: numPoints=5, lengths[4]=4.500000, totalLength=4.500000, segmentPoints[4]=[0.000000,0.000000]
2021-07-12 19:02:25.712 31229-31229/com.android.todolist D/skia: approximate: approximation[12]=1.000000, approximation[13]=0.000000, approximation[14]=0.000000
2021-07-12 19:02:25.726 31229-31229/com.android.todolist D/ViewRootImpl@331158b[PopupWindow:1092e7c]: setView = android.widget.PopupWindow$PopupDecorView@4f8b668 TM=true MM=false
2021-07-12 19:02:25.743 31229-31229/com.android.todolist D/ViewRootImpl@331158b[PopupWindow:1092e7c]: Relayout returned: old=(0,90,1080,2154) new=(14,390,94,485) req=(80,95)0 dur=9 res=0x7 s={true 488453505024} ch=true
2021-07-12 19:02:25.743 31229-31263/com.android.todolist D/OpenGLRenderer: createReliableSurface : 0x711fdabe00(0x71ba190000)
2021-07-12 19:02:25.744 31229-31263/com.android.todolist I/mali_winsys: new_window_surface() [80x95] return: 0x3000
2021-07-12 19:02:25.748 31229-31263/com.android.todolist D/OpenGLRenderer: makeCurrent EglSurface : 0x7095e04100 -> 0x711ff85f80
2021-07-12 19:02:25.753 31229-31263/com.android.todolist D/OpenGLRenderer: makeCurrent EglSurface : 0x711ff85f80 -> 0x7095e04100
2021-07-12 19:02:25.755 31229-31263/com.android.todolist D/OpenGLRenderer: makeCurrent EglSurface : 0x7095e04100 -> 0x711ff85f80
2021-07-12 19:02:25.756 31229-31229/com.android.todolist D/ViewRootImpl@331158b[PopupWindow:1092e7c]: MSG_RESIZED: frame=(14,390,94,485) ci=(0,0,0,0) vi=(0,0,0,0) or=1
2021-07-12 19:02:25.789 31229-31229/com.android.todolist D/ViewRootImpl@cccf45f[PopupWindow:7d9ea80]: setView = android.widget.PopupWindow$PopupDecorView@6332eac TM=true MM=false
2021-07-12 19:02:25.800 31229-31229/com.android.todolist D/ViewRootImpl@cccf45f[PopupWindow:7d9ea80]: Relayout returned: old=(0,90,1080,2154) new=(0,10,870,432) req=(870,422)0 dur=9 res=0x7 s={true 486059380736} ch=true
2021-07-12 19:02:25.800 31229-31263/com.android.todolist D/OpenGLRenderer: createReliableSurface : 0x7126c1bf40(0x712b659000)
2021-07-12 19:02:25.801 31229-31263/com.android.todolist I/mali_winsys: new_window_surface() [870x422] return: 0x3000
2021-07-12 19:02:25.803 31229-31229/com.android.todolist D/AbsListView:  in onLayout changed
2021-07-12 19:02:25.822 31229-31263/com.android.todolist D/OpenGLRenderer: makeCurrent EglSurface : 0x711ff85f80 -> 0x711ff85f00
2021-07-12 19:02:25.825 31229-31263/com.android.todolist D/OpenGLRenderer: makeCurrent EglSurface : 0x711ff85f00 -> 0x711ff85f80
2021-07-12 19:02:25.827 31229-31229/com.android.todolist D/ViewRootImpl@53dc75f[ListActivity]: MSG_RESIZED: frame=(0,0,1080,2280) ci=(0,90,0,986) vi=(0,90,0,986) or=1
2021-07-12 19:02:25.830 31229-31263/com.android.todolist D/OpenGLRenderer: makeCurrent EglSurface : 0x711ff85f80 -> 0x711ff85f00
2021-07-12 19:02:25.841 31229-31229/com.android.todolist D/ViewRootImpl@53dc75f[ListActivity]: Relayout returned: old=(0,0,1080,2280) new=(0,0,1080,2280) req=(1080,2280)0 dur=3 res=0x1 s={true 483550941184} ch=false
2021-07-12 19:02:25.844 31229-31263/com.android.todolist D/OpenGLRenderer: makeCurrent EglSurface : 0x711ff85f00 -> 0x7095e04100
2021-07-12 19:02:25.846 31229-31263/com.android.todolist D/OpenGLRenderer: makeCurrent EglSurface : 0x7095e04100 -> 0x711ff85f80
2021-07-12 19:02:25.847 31229-31229/com.android.todolist D/ViewRootImpl@cccf45f[PopupWindow:7d9ea80]: MSG_RESIZED_REPORT: frame=(0,10,870,432) ci=(0,0,0,0) vi=(0,0,0,0) or=1
2021-07-12 19:02:25.848 31229-31263/com.android.todolist D/OpenGLRenderer: makeCurrent EglSurface : 0x711ff85f80 -> 0x711ff85f00
2021-07-12 19:02:25.850 31229-31263/com.android.todolist D/OpenGLRenderer: makeCurrent EglSurface : 0x711ff85f00 -> 0x711ff85f80
2021-07-12 19:02:26.162 31229-31263/com.android.todolist D/OpenGLRenderer: makeCurrent EglSurface : 0x711ff85f80 -> 0x7095e04100
2021-07-12 19:02:26.680 31229-31263/com.android.todolist D/OpenGLRenderer: makeCurrent EglSurface : 0x7095e04100 -> 0x711ff85f80
2021-07-12 19:02:26.687 31229-31263/com.android.todolist D/OpenGLRenderer: makeCurrent EglSurface : 0x711ff85f80 -> 0x7095e04100
2021-07-12 19:02:26.703 31229-31263/com.android.todolist D/OpenGLRenderer: makeCurrent EglSurface : 0x7095e04100 -> 0x711ff85f80
2021-07-12 19:02:26.780 31229-31263/com.android.todolist D/OpenGLRenderer: makeCurrent EglSurface : 0x711ff85f80 -> 0x0
2021-07-12 19:02:26.780 31229-31263/com.android.todolist D/OpenGLRenderer: destroyEglSurface : 0x711ff85f80
2021-07-12 19:02:26.780 31229-31263/com.android.todolist I/mali_egl: eglDestroySurface() in
2021-07-12 19:02:26.781 31229-31263/com.android.todolist I/mali_winsys: delete_surface() [80x95] return
2021-07-12 19:02:26.782 31229-31263/com.android.todolist I/mali_egl: eglDestroySurface() out
2021-07-12 19:02:26.782 31229-31263/com.android.todolist W/libEGL: EGLNativeWindowType 0x711fdabe10 disconnect failed
2021-07-12 19:02:26.782 31229-31263/com.android.todolist D/OpenGLRenderer: ~ReliableSurface : 0x711fdabe00
2021-07-12 19:02:26.782 31229-31229/com.android.todolist D/ViewRootImpl@331158b[PopupWindow:1092e7c]: dispatchDetachedFromWindow
2021-07-12 19:02:26.785 31229-31229/com.android.todolist D/InputTransport: Input channel destroyed: '944479e', fd=85
2021-07-12 19:02:26.850 31229-31263/com.android.todolist D/OpenGLRenderer: makeCurrent EglSurface : 0x0 -> 0x711ff85f00
2021-07-12 19:02:26.932 31229-31263/com.android.todolist D/OpenGLRenderer: makeCurrent EglSurface : 0x711ff85f00 -> 0x0
2021-07-12 19:02:26.932 31229-31263/com.android.todolist D/OpenGLRenderer: destroyEglSurface : 0x711ff85f00
2021-07-12 19:02:26.932 31229-31263/com.android.todolist I/mali_egl: eglDestroySurface() in
2021-07-12 19:02:26.933 31229-31263/com.android.todolist I/mali_winsys: delete_surface() [870x422] return
2021-07-12 19:02:26.933 31229-31263/com.android.todolist I/mali_egl: eglDestroySurface() out
2021-07-12 19:02:26.933 31229-31263/com.android.todolist W/libEGL: EGLNativeWindowType 0x7126c1bf50 disconnect failed
2021-07-12 19:02:26.933 31229-31263/com.android.todolist D/OpenGLRenderer: ~ReliableSurface : 0x7126c1bf40
2021-07-12 19:02:26.933 31229-31229/com.android.todolist D/ViewRootImpl@cccf45f[PopupWindow:7d9ea80]: dispatchDetachedFromWindow
2021-07-12 19:02:26.936 31229-31229/com.android.todolist D/InputTransport: Input channel destroyed: 'a509277', fd=90
2021-07-12 19:02:27.196 31229-31263/com.android.todolist D/OpenGLRenderer: makeCurrent EglSurface : 0x0 -> 0x7095e04100
2021-07-12 19:02:27.427 31229-31229/com.android.todolist D/ViewRootImpl@53dc75f[ListActivity]: ViewPostIme pointer 0
2021-07-12 19:02:27.486 31229-31229/com.android.todolist D/ViewRootImpl@53dc75f[ListActivity]: ViewPostIme pointer 1
2021-07-12 19:02:27.486 31229-31229/com.android.todolist D/InputMethodManager: HSIFW - flag : 0
2021-07-12 19:02:27.501 31229-31229/com.android.todolist D/InputMethodManager: prepareNavigationBarInfo() DecorView@529a130[ListActivity]
2021-07-12 19:02:27.501 31229-31229/com.android.todolist D/InputMethodManager: getNavigationBarColor() -855310
2021-07-12 19:02:27.501 31229-31229/com.android.todolist V/InputMethodManager: Starting input: tba=com.android.todolist ic=com.android.internal.widget.EditableInputConnection@bf71f12 mNaviBarColor -855310 mIsGetNaviBarColorSuccess true , NavVisible : true , NavTrans : false
2021-07-12 19:02:27.501 31229-31229/com.android.todolist D/InputMethodManager: startInputInner - Id : 0
2021-07-12 19:02:27.502 31229-31229/com.android.todolist I/InputMethodManager: startInputInner - mService.startInputOrWindowGainedFocus
2021-07-12 19:02:27.504 31229-31229/com.android.todolist D/InputTransport: Input channel destroyed: 'ClientS', fd=82
2021-07-12 19:02:27.513 31229-31229/com.android.todolist W/IInputConnectionWrapper: requestCursorAnchorInfo on inactive InputConnection
2021-07-12 19:02:27.581 31229-31229/com.android.todolist D/ViewRootImpl@53dc75f[ListActivity]: MSG_RESIZED: frame=(0,0,1080,2280) ci=(0,90,0,126) vi=(0,90,0,126) or=1
2021-07-12 19:02:27.601 31229-31229/com.android.todolist D/ViewRootImpl@53dc75f[ListActivity]: Relayout returned: old=(0,0,1080,2280) new=(0,0,1080,2280) req=(1080,2280)0 dur=3 res=0x1 s={true 483550941184} ch=false
2021-07-12 19:02:28.853 31229-31229/com.android.todolist D/ViewRootImpl@53dc75f[ListActivity]: ViewPostIme pointer 0
2021-07-12 19:02:28.919 31229-31229/com.android.todolist D/ViewRootImpl@53dc75f[ListActivity]: ViewPostIme pointer 1
2021-07-12 19:02:28.933 31229-31229/com.android.todolist D/InputMethodManager: SSI - flag : 1 Pid : 31229 view : com.android.todolist
2021-07-12 19:02:28.933 31229-31229/com.android.todolist D/InputMethodManager: prepareNavigationBarInfo() DecorView@529a130[ListActivity]
2021-07-12 19:02:28.933 31229-31229/com.android.todolist D/InputMethodManager: getNavigationBarColor() -855310
2021-07-12 19:02:30.803 31229-31229/com.android.todolist D/ViewRootImpl@53dc75f[ListActivity]: ViewPostIme pointer 0
2021-07-12 19:02:30.837 31229-31229/com.android.todolist D/ViewRootImpl@53dc75f[ListActivity]: ViewPostIme pointer 1
2021-07-12 19:02:30.837 31229-31229/com.android.todolist D/InputMethodManager: SSI - flag : 0 Pid : 31229 view : com.android.todolist
2021-07-12 19:02:30.838 31229-31229/com.android.todolist D/InputMethodManager: prepareNavigationBarInfo() DecorView@529a130[ListActivity]
2021-07-12 19:02:30.838 31229-31229/com.android.todolist D/InputMethodManager: getNavigationBarColor() -855310
2021-07-12 19:02:30.845 31229-31229/com.android.todolist D/skia: approximate: numPoints=5, lengths[0]=0.000000, totalLength=8.845903, segmentPoints[0]=[0.000000,6.000000]
2021-07-12 19:02:30.846 31229-31229/com.android.todolist D/skia: approximate: approximation[0]=0.000000, approximation[1]=0.000000, approximation[2]=6.000000
2021-07-12 19:02:30.846 31229-31229/com.android.todolist D/skia: approximate: numPoints=5, lengths[4]=8.845903, totalLength=8.845903, segmentPoints[4]=[-6.500000,0.000000]
2021-07-12 19:02:30.846 31229-31229/com.android.todolist D/skia: approximate: approximation[12]=1.000000, approximation[13]=-6.500000, approximation[14]=0.000000
2021-07-12 19:02:30.847 31229-31229/com.android.todolist D/skia: approximate: numPoints=5, lengths[4]=4.500000, totalLength=4.500000, segmentPoints[4]=[4.500000,0.000000]
2021-07-12 19:02:30.847 31229-31229/com.android.todolist D/skia: approximate: approximation[12]=1.000000, approximation[13]=4.500000, approximation[14]=0.000000
2021-07-12 19:02:30.849 31229-31229/com.android.todolist D/skia: approximate: numPoints=5, lengths[4]=8.000000, totalLength=8.000000, segmentPoints[4]=[-8.000000,0.000000]
2021-07-12 19:02:30.849 31229-31229/com.android.todolist D/skia: approximate: approximation[12]=1.000000, approximation[13]=-8.000000, approximation[14]=0.000000
2021-07-12 19:02:30.850 31229-31229/com.android.todolist D/skia: approximate: numPoints=6, lengths[5]=11.000000, totalLength=11.000000, segmentPoints[5]=[9.000000,0.000000]
2021-07-12 19:02:30.850 31229-31229/com.android.todolist D/skia: approximate: approximation[15]=1.000000, approximation[16]=9.000000, approximation[17]=0.000000
2021-07-12 19:02:30.852 31229-31229/com.android.todolist D/skia: approximate: numPoints=5, lengths[0]=0.000000, totalLength=8.845903, segmentPoints[0]=[0.000000,-6.000000]
2021-07-12 19:02:30.852 31229-31229/com.android.todolist D/skia: approximate: approximation[0]=0.000000, approximation[1]=0.000000, approximation[2]=-6.000000
2021-07-12 19:02:30.852 31229-31229/com.android.todolist D/skia: approximate: numPoints=5, lengths[4]=8.845903, totalLength=8.845903, segmentPoints[4]=[-6.500000,0.000000]
2021-07-12 19:02:30.852 31229-31229/com.android.todolist D/skia: approximate: approximation[12]=1.000000, approximation[13]=-6.500000, approximation[14]=0.000000
2021-07-12 19:02:30.853 31229-31229/com.android.todolist D/skia: approximate: numPoints=5, lengths[4]=4.500000, totalLength=4.500000, segmentPoints[4]=[4.500000,0.000000]
2021-07-12 19:02:30.853 31229-31229/com.android.todolist D/skia: approximate: approximation[12]=1.000000, approximation[13]=4.500000, approximation[14]=0.000000
2021-07-12 19:02:30.855 31229-31229/com.android.todolist D/skia: approximate: numPoints=5, lengths[0]=0.000000, totalLength=8.845903, segmentPoints[0]=[-6.500000,0.000000]
2021-07-12 19:02:30.855 31229-31229/com.android.todolist D/skia: approximate: approximation[0]=0.000000, approximation[1]=-6.500000, approximation[2]=0.000000
2021-07-12 19:02:30.855 31229-31229/com.android.todolist D/skia: approximate: numPoints=5, lengths[4]=8.845903, totalLength=8.845903, segmentPoints[4]=[0.000000,6.000000]
2021-07-12 19:02:30.855 31229-31229/com.android.todolist D/skia: approximate: approximation[12]=1.000000, approximation[13]=0.000000, approximation[14]=6.000000
2021-07-12 19:02:30.856 31229-31229/com.android.todolist D/skia: approximate: numPoints=5, lengths[0]=0.000000, totalLength=4.500000, segmentPoints[0]=[4.500000,0.000000]
2021-07-12 19:02:30.856 31229-31229/com.android.todolist D/skia: approximate: approximation[0]=0.000000, approximation[1]=4.500000, approximation[2]=0.000000
2021-07-12 19:02:30.856 31229-31229/com.android.todolist D/skia: approximate: numPoints=5, lengths[4]=4.500000, totalLength=4.500000, segmentPoints[4]=[0.000000,0.000000]
2021-07-12 19:02:30.856 31229-31229/com.android.todolist D/skia: approximate: approximation[12]=1.000000, approximation[13]=0.000000, approximation[14]=0.000000
2021-07-12 19:02:30.857 31229-31229/com.android.todolist D/skia: approximate: numPoints=5, lengths[0]=0.000000, totalLength=8.000000, segmentPoints[0]=[-8.000000,0.000000]
2021-07-12 19:02:30.857 31229-31229/com.android.todolist D/skia: approximate: approximation[0]=0.000000, approximation[1]=-8.000000, approximation[2]=0.000000
2021-07-12 19:02:30.857 31229-31229/com.android.todolist D/skia: approximate: numPoints=5, lengths[4]=8.000000, totalLength=8.000000, segmentPoints[4]=[0.000000,0.000000]
2021-07-12 19:02:30.857 31229-31229/com.android.todolist D/skia: approximate: approximation[12]=1.000000, approximation[13]=0.000000, approximation[14]=0.000000
2021-07-12 19:02:30.857 31229-31229/com.android.todolist D/skia: approximate: numPoints=5, lengths[0]=0.000000, totalLength=9.000000, segmentPoints[0]=[9.000000,0.000000]
2021-07-12 19:02:30.857 31229-31229/com.android.todolist D/skia: approximate: approximation[0]=0.000000, approximation[1]=9.000000, approximation[2]=0.000000
2021-07-12 19:02:30.857 31229-31229/com.android.todolist D/skia: approximate: numPoints=5, lengths[4]=9.000000, totalLength=9.000000, segmentPoints[4]=[0.000000,0.000000]
2021-07-12 19:02:30.857 31229-31229/com.android.todolist D/skia: approximate: approximation[12]=1.000000, approximation[13]=0.000000, approximation[14]=0.000000
2021-07-12 19:02:30.858 31229-31229/com.android.todolist D/skia: approximate: numPoints=5, lengths[0]=0.000000, totalLength=8.845903, segmentPoints[0]=[-6.500000,0.000000]
2021-07-12 19:02:30.858 31229-31229/com.android.todolist D/skia: approximate: approximation[0]=0.000000, approximation[1]=-6.500000, approximation[2]=0.000000
2021-07-12 19:02:30.858 31229-31229/com.android.todolist D/skia: approximate: numPoints=5, lengths[4]=8.845903, totalLength=8.845903, segmentPoints[4]=[0.000000,-6.000000]
2021-07-12 19:02:30.858 31229-31229/com.android.todolist D/skia: approximate: approximation[12]=1.000000, approximation[13]=0.000000, approximation[14]=-6.000000
2021-07-12 19:02:30.858 31229-31229/com.android.todolist D/skia: approximate: numPoints=5, lengths[0]=0.000000, totalLength=4.500000, segmentPoints[0]=[4.500000,0.000000]
2021-07-12 19:02:30.858 31229-31229/com.android.todolist D/skia: approximate: approximation[0]=0.000000, approximation[1]=4.500000, approximation[2]=0.000000
2021-07-12 19:02:30.858 31229-31229/com.android.todolist D/skia: approximate: numPoints=5, lengths[4]=4.500000, totalLength=4.500000, segmentPoints[4]=[0.000000,0.000000]
2021-07-12 19:02:30.858 31229-31229/com.android.todolist D/skia: approximate: approximation[12]=1.000000, approximation[13]=0.000000, approximation[14]=0.000000
2021-07-12 19:02:30.874 31229-31229/com.android.todolist D/TextView: latestClip type : TEXT
2021-07-12 19:02:30.887 31229-31229/com.android.todolist D/ViewRootImpl@5902942[PopupWindow:1092e7c]: setView = android.widget.PopupWindow$PopupDecorView@5ffdd53 TM=true MM=false
2021-07-12 19:02:30.905 31229-31229/com.android.todolist D/ViewRootImpl@5902942[PopupWindow:1092e7c]: Relayout returned: old=(0,90,1080,2154) new=(14,390,94,485) req=(80,95)0 dur=7 res=0x7 s={true 485867024384} ch=true
2021-07-12 19:02:30.905 31229-31263/com.android.todolist D/OpenGLRenderer: createReliableSurface : 0x711fdaba40(0x711fee7000)
2021-07-12 19:02:30.906 31229-31263/com.android.todolist I/mali_winsys: new_window_surface() [80x95] return: 0x3000
2021-07-12 19:02:30.908 31229-31263/com.android.todolist D/OpenGLRenderer: makeCurrent EglSurface : 0x7095e04100 -> 0x711fee9900
2021-07-12 19:02:30.916 31229-31263/com.android.todolist D/OpenGLRenderer: makeCurrent EglSurface : 0x711fee9900 -> 0x7095e04100
2021-07-12 19:02:30.919 31229-31263/com.android.todolist D/OpenGLRenderer: makeCurrent EglSurface : 0x7095e04100 -> 0x711fee9900
2021-07-12 19:02:30.920 31229-31229/com.android.todolist D/ViewRootImpl@5902942[PopupWindow:1092e7c]: MSG_RESIZED: frame=(14,390,94,485) ci=(0,0,0,0) vi=(0,0,0,0) or=1
2021-07-12 19:02:30.957 31229-31229/com.android.todolist D/ViewRootImpl@28ba3cb[PopupWindow:414abbc]: setView = android.widget.PopupWindow$PopupDecorView@b5ec7a8 TM=true MM=false
2021-07-12 19:02:30.975 31229-31229/com.android.todolist D/ViewRootImpl@28ba3cb[PopupWindow:414abbc]: Relayout returned: old=(0,90,1080,2154) new=(0,10,870,432) req=(870,422)0 dur=14 res=0x7 s={true 485867163648} ch=true
2021-07-12 19:02:30.975 31229-31263/com.android.todolist D/OpenGLRenderer: createReliableSurface : 0x70b56fc7c0(0x711ff09000)
2021-07-12 19:02:30.976 31229-31263/com.android.todolist I/mali_winsys: new_window_surface() [870x422] return: 0x3000
2021-07-12 19:02:30.979 31229-31229/com.android.todolist D/AbsListView:  in onLayout changed
2021-07-12 19:02:30.982 31229-31263/com.android.todolist D/OpenGLRenderer: makeCurrent EglSurface : 0x711fee9900 -> 0x711fee9a80
2021-07-12 19:02:30.985 31229-31263/com.android.todolist D/OpenGLRenderer: makeCurrent EglSurface : 0x711fee9a80 -> 0x711fee9900
2021-07-12 19:02:30.987 31229-31229/com.android.todolist D/ViewRootImpl@53dc75f[ListActivity]: MSG_RESIZED: frame=(0,0,1080,2280) ci=(0,90,0,986) vi=(0,90,0,986) or=1
2021-07-12 19:02:30.988 31229-31263/com.android.todolist D/OpenGLRenderer: makeCurrent EglSurface : 0x711fee9900 -> 0x711fee9a80
2021-07-12 19:02:30.995 31229-31229/com.android.todolist D/ViewRootImpl@53dc75f[ListActivity]: Relayout returned: old=(0,0,1080,2280) new=(0,0,1080,2280) req=(1080,2280)0 dur=4 res=0x1 s={true 483550941184} ch=false
2021-07-12 19:02:30.999 31229-31263/com.android.todolist D/OpenGLRenderer: makeCurrent EglSurface : 0x711fee9a80 -> 0x7095e04100
2021-07-12 19:02:31.001 31229-31263/com.android.todolist D/OpenGLRenderer: makeCurrent EglSurface : 0x7095e04100 -> 0x711fee9900
2021-07-12 19:02:31.002 31229-31229/com.android.todolist D/ViewRootImpl@28ba3cb[PopupWindow:414abbc]: MSG_RESIZED_REPORT: frame=(0,10,870,432) ci=(0,0,0,0) vi=(0,0,0,0) or=1
2021-07-12 19:02:31.004 31229-31263/com.android.todolist D/OpenGLRenderer: makeCurrent EglSurface : 0x711fee9900 -> 0x711fee9a80
2021-07-12 19:02:31.006 31229-31263/com.android.todolist D/OpenGLRenderer: makeCurrent EglSurface : 0x711fee9a80 -> 0x711fee9900
2021-07-12 19:02:31.008 31229-31263/com.android.todolist D/OpenGLRenderer: makeCurrent EglSurface : 0x711fee9900 -> 0x7095e04100
2021-07-12 19:02:31.015 31229-31263/com.android.todolist D/OpenGLRenderer: makeCurrent EglSurface : 0x7095e04100 -> 0x711fee9900
2021-07-12 19:02:31.020 31229-31263/com.android.todolist D/OpenGLRenderer: makeCurrent EglSurface : 0x711fee9900 -> 0x711fee9a80
2021-07-12 19:02:31.033 31229-31263/com.android.todolist D/OpenGLRenderer: makeCurrent EglSurface : 0x711fee9a80 -> 0x711fee9900
2021-07-12 19:02:31.348 31229-31263/com.android.todolist D/OpenGLRenderer: makeCurrent EglSurface : 0x711fee9900 -> 0x7095e04100
2021-07-12 19:02:31.748 31229-31263/com.android.todolist D/OpenGLRenderer: makeCurrent EglSurface : 0x7095e04100 -> 0x711fee9900
2021-07-12 19:02:31.759 31229-31263/com.android.todolist D/OpenGLRenderer: makeCurrent EglSurface : 0x711fee9900 -> 0x7095e04100
2021-07-12 19:02:31.774 31229-31263/com.android.todolist D/OpenGLRenderer: makeCurrent EglSurface : 0x7095e04100 -> 0x711fee9900
2021-07-12 19:02:31.787 31229-31263/com.android.todolist D/OpenGLRenderer: makeCurrent EglSurface : 0x711fee9900 -> 0x7095e04100
2021-07-12 19:02:31.799 31229-31263/com.android.todolist D/OpenGLRenderer: makeCurrent EglSurface : 0x7095e04100 -> 0x711fee9900
2021-07-12 19:02:31.849 31229-31263/com.android.todolist D/OpenGLRenderer: makeCurrent EglSurface : 0x711fee9900 -> 0x0
2021-07-12 19:02:31.849 31229-31263/com.android.todolist D/OpenGLRenderer: destroyEglSurface : 0x711fee9900
2021-07-12 19:02:31.849 31229-31263/com.android.todolist I/mali_egl: eglDestroySurface() in
2021-07-12 19:02:31.850 31229-31263/com.android.todolist I/mali_winsys: delete_surface() [80x95] return
2021-07-12 19:02:31.850 31229-31263/com.android.todolist I/mali_egl: eglDestroySurface() out
2021-07-12 19:02:31.850 31229-31263/com.android.todolist W/libEGL: EGLNativeWindowType 0x711fdaba50 disconnect failed
2021-07-12 19:02:31.850 31229-31263/com.android.todolist D/OpenGLRenderer: ~ReliableSurface : 0x711fdaba40
2021-07-12 19:02:31.850 31229-31229/com.android.todolist D/ViewRootImpl@5902942[PopupWindow:1092e7c]: dispatchDetachedFromWindow
2021-07-12 19:02:31.854 31229-31229/com.android.todolist D/InputTransport: Input channel destroyed: 'bda9f3b', fd=83
2021-07-12 19:02:31.918 31229-31263/com.android.todolist D/OpenGLRenderer: makeCurrent EglSurface : 0x0 -> 0x711fee9a80
2021-07-12 19:02:31.999 31229-31263/com.android.todolist D/OpenGLRenderer: makeCurrent EglSurface : 0x711fee9a80 -> 0x0
2021-07-12 19:02:31.999 31229-31263/com.android.todolist D/OpenGLRenderer: destroyEglSurface : 0x711fee9a80
2021-07-12 19:02:31.999 31229-31263/com.android.todolist I/mali_egl: eglDestroySurface() in
2021-07-12 19:02:32.001 31229-31263/com.android.todolist I/mali_winsys: delete_surface() [870x422] return
2021-07-12 19:02:32.001 31229-31263/com.android.todolist I/mali_egl: eglDestroySurface() out
2021-07-12 19:02:32.001 31229-31263/com.android.todolist W/libEGL: EGLNativeWindowType 0x70b56fc7d0 disconnect failed
2021-07-12 19:02:32.001 31229-31263/com.android.todolist D/OpenGLRenderer: ~ReliableSurface : 0x70b56fc7c0
2021-07-12 19:02:32.001 31229-31229/com.android.todolist D/ViewRootImpl@28ba3cb[PopupWindow:414abbc]: dispatchDetachedFromWindow
2021-07-12 19:02:32.004 31229-31229/com.android.todolist D/InputTransport: Input channel destroyed: 'bc9a022', fd=90
2021-07-12 19:02:32.266 31229-31263/com.android.todolist D/OpenGLRenderer: makeCurrent EglSurface : 0x0 -> 0x7095e04100
2021-07-12 19:02:32.405 31229-31229/com.android.todolist D/ViewRootImpl@53dc75f[ListActivity]: ViewPostIme pointer 0
2021-07-12 19:02:32.454 31229-31229/com.android.todolist D/ViewRootImpl@53dc75f[ListActivity]: ViewPostIme pointer 1
2021-07-12 19:02:32.455 31229-31229/com.android.todolist D/InputMethodManager: HSIFW - flag : 0
2021-07-12 19:02:32.464 31229-31229/com.android.todolist D/InputMethodManager: prepareNavigationBarInfo() DecorView@529a130[ListActivity]
2021-07-12 19:02:32.464 31229-31229/com.android.todolist D/InputMethodManager: getNavigationBarColor() -855310
2021-07-12 19:02:32.464 31229-31229/com.android.todolist V/InputMethodManager: Starting input: tba=com.android.todolist ic=com.android.internal.widget.EditableInputConnection@2371c25 mNaviBarColor -855310 mIsGetNaviBarColorSuccess true , NavVisible : true , NavTrans : false
2021-07-12 19:02:32.464 31229-31229/com.android.todolist D/InputMethodManager: startInputInner - Id : 0
2021-07-12 19:02:32.465 31229-31229/com.android.todolist I/InputMethodManager: startInputInner - mService.startInputOrWindowGainedFocus
2021-07-12 19:02:32.473 31229-31229/com.android.todolist D/InputTransport: Input channel destroyed: 'ClientS', fd=85
2021-07-12 19:02:32.481 31229-31229/com.android.todolist W/IInputConnectionWrapper: requestCursorAnchorInfo on inactive InputConnection
2021-07-12 19:02:32.551 31229-31229/com.android.todolist D/ViewRootImpl@53dc75f[ListActivity]: MSG_RESIZED: frame=(0,0,1080,2280) ci=(0,90,0,126) vi=(0,90,0,126) or=1
2021-07-12 19:02:32.570 31229-31229/com.android.todolist D/ViewRootImpl@53dc75f[ListActivity]: Relayout returned: old=(0,0,1080,2280) new=(0,0,1080,2280) req=(1080,2280)0 dur=3 res=0x1 s={true 483550941184} ch=false

