// Here are some logs from the app ToDo list catched out over Android Studio.

2021-07-12 18:56:17.125 31229-31229/com.android.todolist D/ViewRootImpl@476aa0e[ListActivity]: Relayout returned: old=(0,0,1080,2280) new=(0,0,1080,2280) req=(1080,2280)0 dur=9 res=0x7 s={true 485867032576} ch=true
2021-07-12 18:56:17.126 31229-31263/com.android.todolist D/OpenGLRenderer: createReliableSurface : 0x70b56fbf00(0x711fee9000)
2021-07-12 18:56:17.127 31229-31263/com.android.todolist I/mali_winsys: new_window_surface() [1080x2280] return: 0x3000
2021-07-12 18:56:17.134 31229-31263/com.android.todolist D/OpenGLRenderer: makeCurrent EglSurface : 0x0 -> 0x711fd84c80
2021-07-12 18:56:17.139 31229-31263/com.android.todolist D/OpenGLRenderer: makeCurrent EglSurface : 0x711fd84c80 -> 0x70c4e5ae80
2021-07-12 18:56:17.153 31229-31229/com.android.todolist D/ViewRootImpl@476aa0e[ListActivity]: MSG_WINDOW_FOCUS_CHANGED 1 1
2021-07-12 18:56:17.153 31229-31229/com.android.todolist D/InputMethodManager: prepareNavigationBarInfo() DecorView@d94eb97[ListActivity]
2021-07-12 18:56:17.153 31229-31229/com.android.todolist D/InputMethodManager: getNavigationBarColor() -855310
2021-07-12 18:56:17.159 31229-31229/com.android.todolist D/InputMethodManager: prepareNavigationBarInfo() DecorView@d94eb97[ListActivity]
2021-07-12 18:56:17.159 31229-31229/com.android.todolist D/InputMethodManager: getNavigationBarColor() -855310
2021-07-12 18:56:17.159 31229-31229/com.android.todolist V/InputMethodManager: Starting input: tba=com.android.todolist ic=null mNaviBarColor -855310 mIsGetNaviBarColorSuccess true , NavVisible : true , NavTrans : false
2021-07-12 18:56:17.159 31229-31229/com.android.todolist D/InputMethodManager: startInputInner - Id : 0
2021-07-12 18:56:17.159 31229-31229/com.android.todolist I/InputMethodManager: startInputInner - mService.startInputOrWindowGainedFocus
2021-07-12 18:56:17.163 31229-31229/com.android.todolist D/InputTransport: Input channel destroyed: 'ClientS', fd=92
2021-07-12 18:56:17.168 31229-31263/com.android.todolist D/OpenGLRenderer: makeCurrent EglSurface : 0x70c4e5ae80 -> 0x711fd84c80
2021-07-12 18:56:17.168 31229-31229/com.android.todolist D/ViewRootImpl@476aa0e[ListActivity]: MSG_RESIZED: frame=(0,0,1080,2280) ci=(0,90,0,126) vi=(0,90,0,126) or=1
2021-07-12 18:56:17.351 31229-31246/com.android.todolist V/Toast: HIDE: android.widget.Toast$TN@9ef6fe7
2021-07-12 18:56:17.351 31229-31229/com.android.todolist V/Toast: HANDLE HIDE: android.widget.Toast$TN@9ef6fe7 mView=android.widget.LinearLayout{2b53794 V.E...... ........ 0,0-153,116}
2021-07-12 18:56:17.352 31229-31229/com.android.todolist V/Toast: REMOVE! android.widget.LinearLayout{2b53794 V.E...... ........ 0,0-153,116} in android.widget.Toast$TN@9ef6fe7
2021-07-12 18:56:17.352 31229-31263/com.android.todolist D/OpenGLRenderer: destroyEglSurface : 0x70c4beac00
2021-07-12 18:56:17.352 31229-31263/com.android.todolist I/mali_egl: eglDestroySurface() in
2021-07-12 18:56:17.353 31229-31263/com.android.todolist I/mali_winsys: delete_surface() [153x116] return
2021-07-12 18:56:17.353 31229-31263/com.android.todolist I/mali_egl: eglDestroySurface() out
2021-07-12 18:56:17.353 31229-31263/com.android.todolist W/libEGL: EGLNativeWindowType 0x7126c1dd50 disconnect failed
2021-07-12 18:56:17.353 31229-31263/com.android.todolist D/OpenGLRenderer: ~ReliableSurface : 0x7126c1dd40
2021-07-12 18:56:17.353 31229-31229/com.android.todolist D/ViewRootImpl@9392383[Toast]: dispatchDetachedFromWindow
2021-07-12 18:56:17.356 31229-31229/com.android.todolist D/InputTransport: Input channel destroyed: 'cb6bcfd', fd=82
2021-07-12 18:56:17.360 31229-31246/com.android.todolist V/Toast: SHOW: android.widget.Toast$TN@da6b26c
2021-07-12 18:56:17.360 31229-31229/com.android.todolist V/Toast: HANDLE SHOW: android.widget.Toast$TN@da6b26c mView=null mNextView=android.widget.LinearLayout{5df1035 V.E...... ......I. 0,0-0,0}
2021-07-12 18:56:17.360 31229-31229/com.android.todolist V/Toast: HANDLE HIDE: android.widget.Toast$TN@da6b26c mView=null
2021-07-12 18:56:17.368 31229-31229/com.android.todolist D/ViewRootImpl@7828958[Toast]: setView = android.widget.LinearLayout@5df1035 TM=true MM=false
2021-07-12 18:56:17.369 31229-31229/com.android.todolist V/Toast: Text: 4 in android.widget.Toast$TN@da6b26c
2021-07-12 18:56:17.381 31229-31229/com.android.todolist D/ViewRootImpl@7828958[Toast]: Relayout returned: old=(0,90,1080,2154) new=(463,1870,616,1986) req=(153,116)0 dur=5 res=0x7 s={true 488453505024} ch=true
2021-07-12 18:56:17.381 31229-31263/com.android.todolist D/OpenGLRenderer: createReliableSurface : 0x7126c1dd40(0x71ba190000)
2021-07-12 18:56:17.383 31229-31263/com.android.todolist I/mali_winsys: new_window_surface() [153x116] return: 0x3000
2021-07-12 18:56:17.384 31229-31263/com.android.todolist D/OpenGLRenderer: makeCurrent EglSurface : 0x711fd84c80 -> 0x70c4beac00
2021-07-12 18:56:17.393 31229-31229/com.android.todolist D/ViewRootImpl@7828958[Toast]: MSG_RESIZED: frame=(463,1870,616,1986) ci=(0,0,0,0) vi=(0,0,153,116) or=1
2021-07-12 18:56:17.476 31229-31263/com.android.todolist D/OpenGLRenderer: destroyEglSurface : 0x70c4e5ae80
2021-07-12 18:56:17.476 31229-31263/com.android.todolist I/mali_egl: eglDestroySurface() in
2021-07-12 18:56:17.478 31229-31263/com.android.todolist I/mali_winsys: delete_surface() [1080x2280] return
2021-07-12 18:56:17.478 31229-31263/com.android.todolist I/mali_egl: eglDestroySurface() out
2021-07-12 18:56:17.478 31229-31263/com.android.todolist W/libEGL: EGLNativeWindowType 0x7126c1dc10 disconnect failed
2021-07-12 18:56:17.478 31229-31263/com.android.todolist D/OpenGLRenderer: ~ReliableSurface : 0x7126c1dc00
2021-07-12 18:56:17.483 31229-31229/com.android.todolist D/ViewRootImpl@dd33a94[MainActivity]: Relayout returned: old=(0,0,1080,2280) new=(0,0,1080,2280) req=(1080,2280)8 dur=5 res=0x5 s={false 0} ch=true
2021-07-12 18:56:17.483 31229-31229/com.android.todolist D/ViewRootImpl@dd33a94[MainActivity]: stopped(true) old=false
2021-07-12 18:56:17.496 31229-31229/com.android.todolist D/ViewRootImpl@dd33a94[MainActivity]: Relayout returned: old=(0,0,1080,2280) new=(0,0,1080,2280) req=(1080,2280)8 dur=5 res=0x5 s={false 0} ch=false
2021-07-12 18:56:17.806 31229-31229/com.android.todolist D/ViewRootImpl@476aa0e[ListActivity]: ViewPostIme pointer 0
2021-07-12 18:56:17.872 31229-31229/com.android.todolist D/ViewRootImpl@476aa0e[ListActivity]: ViewPostIme pointer 1
2021-07-12 18:56:17.876 31229-31263/com.android.todolist D/OpenGLRenderer: makeCurrent EglSurface : 0x70c4beac00 -> 0x711fd84c80
2021-07-12 18:56:17.902 31229-31229/com.android.todolist W/ActivityThread: handleWindowVisibility: no activity for token android.os.BinderProxy@6be10ed
2021-07-12 18:56:17.912 31229-31229/com.android.todolist D/PhoneWindow: forceLight changed to true [] from com.android.internal.policy.PhoneWindow.updateForceLightNavigationBar:4268 com.android.internal.policy.DecorView.updateColorViews:1494 com.android.internal.policy.PhoneWindow.dispatchWindowAttributesChanged:3246 android.view.Window.setFlags:1148 com.android.internal.policy.PhoneWindow.generateLayout:2474
2021-07-12 18:56:17.913 31229-31229/com.android.todolist I/MultiWindowDecorSupport: updateCaptionType >> DecorView@ef7cee9[], isFloating: false, isApplication: true, hasWindowDecorCaption: false, hasWindowControllerCallback: true
2021-07-12 18:56:17.913 31229-31229/com.android.todolist D/MultiWindowDecorSupport: setCaptionType = 0, DecorView = DecorView@ef7cee9[]
2021-07-12 18:56:17.970 31229-31229/com.android.todolist D/ViewRootImpl@e82b266[MainActivity]: setView = com.android.internal.policy.DecorView@ef7cee9 TM=true MM=false
2021-07-12 18:56:18.012 31229-31229/com.android.todolist D/ViewRootImpl@e82b266[MainActivity]: Relayout returned: old=(0,0,1080,2280) new=(0,0,1080,2280) req=(1080,2280)0 dur=8 res=0x7 s={true 484340645888} ch=true
2021-07-12 18:56:18.014 31229-31263/com.android.todolist D/OpenGLRenderer: createReliableSurface : 0x7126c1dc00(0x70c4f3c000)
2021-07-12 18:56:18.014 31229-31263/com.android.todolist I/mali_winsys: new_window_surface() [1080x2280] return: 0x3000
2021-07-12 18:56:18.059 31229-31263/com.android.todolist D/OpenGLRenderer: makeCurrent EglSurface : 0x711fd84c80 -> 0x70c4bf7400
2021-07-12 18:56:18.063 31229-31263/com.android.todolist D/OpenGLRenderer: makeCurrent EglSurface : 0x70c4bf7400 -> 0x711fd84c80
2021-07-12 18:56:18.064 31229-31229/com.android.todolist D/ViewRootImpl@476aa0e[ListActivity]: MSG_WINDOW_FOCUS_CHANGED 0 1
2021-07-12 18:56:18.064 31229-31229/com.android.todolist D/InputMethodManager: prepareNavigationBarInfo() DecorView@d94eb97[ListActivity]
2021-07-12 18:56:18.064 31229-31229/com.android.todolist D/InputMethodManager: getNavigationBarColor() -855310
2021-07-12 18:56:18.084 31229-31263/com.android.todolist D/OpenGLRenderer: makeCurrent EglSurface : 0x711fd84c80 -> 0x70c4bf7400
2021-07-12 18:56:18.089 31229-31263/com.android.todolist D/OpenGLRenderer: makeCurrent EglSurface : 0x70c4bf7400 -> 0x711fd84c80
2021-07-12 18:56:18.089 31229-31229/com.android.todolist D/ViewRootImpl@e82b266[MainActivity]: MSG_WINDOW_FOCUS_CHANGED 1 1
2021-07-12 18:56:18.089 31229-31229/com.android.todolist D/InputMethodManager: prepareNavigationBarInfo() DecorView@ef7cee9[MainActivity]
2021-07-12 18:56:18.089 31229-31229/com.android.todolist D/InputMethodManager: getNavigationBarColor() -855310
2021-07-12 18:56:18.091 31229-31229/com.android.todolist D/InputMethodManager: prepareNavigationBarInfo() DecorView@ef7cee9[MainActivity]
2021-07-12 18:56:18.091 31229-31229/com.android.todolist D/InputMethodManager: getNavigationBarColor() -855310
2021-07-12 18:56:18.091 31229-31229/com.android.todolist V/InputMethodManager: Starting input: tba=com.android.todolist ic=null mNaviBarColor -855310 mIsGetNaviBarColorSuccess true , NavVisible : true , NavTrans : false
2021-07-12 18:56:18.091 31229-31229/com.android.todolist D/InputMethodManager: startInputInner - Id : 0
2021-07-12 18:56:18.091 31229-31229/com.android.todolist I/InputMethodManager: startInputInner - mService.startInputOrWindowGainedFocus
2021-07-12 18:56:18.095 31229-31229/com.android.todolist D/InputTransport: Input channel destroyed: 'ClientS', fd=88
2021-07-12 18:56:18.095 31229-31229/com.android.todolist D/ViewRootImpl@e82b266[MainActivity]: MSG_RESIZED: frame=(0,0,1080,2280) ci=(0,90,0,126) vi=(0,90,0,126) or=1
2021-07-12 18:56:18.098 31229-31263/com.android.todolist D/OpenGLRenderer: makeCurrent EglSurface : 0x711fd84c80 -> 0x70c4bf7400
2021-07-12 18:56:18.113 31229-31263/com.android.todolist D/OpenGLRenderer: makeCurrent EglSurface : 0x70c4bf7400 -> 0x711fd84c80
2021-07-12 18:56:18.125 31229-31263/com.android.todolist D/OpenGLRenderer: makeCurrent EglSurface : 0x711fd84c80 -> 0x70c4bf7400
2021-07-12 18:56:18.128 31229-31263/com.android.todolist D/OpenGLRenderer: makeCurrent EglSurface : 0x70c4bf7400 -> 0x711fd84c80
2021-07-12 18:56:18.142 31229-31263/com.android.todolist D/OpenGLRenderer: makeCurrent EglSurface : 0x711fd84c80 -> 0x70c4bf7400
2021-07-12 18:56:18.145 31229-31263/com.android.todolist D/OpenGLRenderer: makeCurrent EglSurface : 0x70c4bf7400 -> 0x711fd84c80
2021-07-12 18:56:18.159 31229-31263/com.android.todolist D/OpenGLRenderer: makeCurrent EglSurface : 0x711fd84c80 -> 0x70c4bf7400
2021-07-12 18:56:18.162 31229-31263/com.android.todolist D/OpenGLRenderer: makeCurrent EglSurface : 0x70c4bf7400 -> 0x711fd84c80
2021-07-12 18:56:18.176 31229-31263/com.android.todolist D/OpenGLRenderer: makeCurrent EglSurface : 0x711fd84c80 -> 0x70c4bf7400
2021-07-12 18:56:18.179 31229-31263/com.android.todolist D/OpenGLRenderer: makeCurrent EglSurface : 0x70c4bf7400 -> 0x711fd84c80
2021-07-12 18:56:18.192 31229-31263/com.android.todolist D/OpenGLRenderer: makeCurrent EglSurface : 0x711fd84c80 -> 0x70c4bf7400
2021-07-12 18:56:18.195 31229-31263/com.android.todolist D/OpenGLRenderer: makeCurrent EglSurface : 0x70c4bf7400 -> 0x711fd84c80
2021-07-12 18:56:18.208 31229-31263/com.android.todolist D/OpenGLRenderer: makeCurrent EglSurface : 0x711fd84c80 -> 0x70c4bf7400
2021-07-12 18:56:18.212 31229-31263/com.android.todolist D/OpenGLRenderer: makeCurrent EglSurface : 0x70c4bf7400 -> 0x711fd84c80
2021-07-12 18:56:18.226 31229-31263/com.android.todolist D/OpenGLRenderer: makeCurrent EglSurface : 0x711fd84c80 -> 0x70c4bf7400
2021-07-12 18:56:18.229 31229-31263/com.android.todolist D/OpenGLRenderer: makeCurrent EglSurface : 0x70c4bf7400 -> 0x711fd84c80
2021-07-12 18:56:18.395 31229-31263/com.android.todolist D/OpenGLRenderer: makeCurrent EglSurface : 0x711fd84c80 -> 0x0
2021-07-12 18:56:18.395 31229-31263/com.android.todolist D/OpenGLRenderer: destroyEglSurface : 0x711fd84c80
2021-07-12 18:56:18.395 31229-31263/com.android.todolist I/mali_egl: eglDestroySurface() in
2021-07-12 18:56:18.396 31229-31263/com.android.todolist I/mali_winsys: delete_surface() [1080x2280] return
2021-07-12 18:56:18.396 31229-31263/com.android.todolist I/mali_egl: eglDestroySurface() out
2021-07-12 18:56:18.397 31229-31263/com.android.todolist W/libEGL: EGLNativeWindowType 0x70b56fbf10 disconnect failed
2021-07-12 18:56:18.397 31229-31263/com.android.todolist D/OpenGLRenderer: ~ReliableSurface : 0x70b56fbf00
2021-07-12 18:56:18.403 31229-31229/com.android.todolist D/ViewRootImpl@476aa0e[ListActivity]: Relayout returned: old=(0,0,1080,2280) new=(0,0,1080,2280) req=(1080,2280)8 dur=5 res=0x5 s={false 0} ch=true
2021-07-12 18:56:18.403 31229-31229/com.android.todolist D/ViewRootImpl@476aa0e[ListActivity]: stopped(true) old=false
2021-07-12 18:56:18.408 31229-31229/com.android.todolist D/ViewRootImpl@476aa0e[ListActivity]: dispatchDetachedFromWindow
2021-07-12 18:56:18.411 31229-31229/com.android.todolist D/InputTransport: Input channel destroyed: '9aa3295', fd=85
2021-07-12 18:56:19.361 31229-31798/com.android.todolist V/Toast: HIDE: android.widget.Toast$TN@da6b26c
2021-07-12 18:56:19.361 31229-31229/com.android.todolist V/Toast: HANDLE HIDE: android.widget.Toast$TN@da6b26c mView=android.widget.LinearLayout{5df1035 V.E...... ........ 0,0-153,116}
2021-07-12 18:56:19.361 31229-31229/com.android.todolist V/Toast: REMOVE! android.widget.LinearLayout{5df1035 V.E...... ........ 0,0-153,116} in android.widget.Toast$TN@da6b26c
2021-07-12 18:56:19.362 31229-31263/com.android.todolist D/OpenGLRenderer: destroyEglSurface : 0x70c4beac00
2021-07-12 18:56:19.362 31229-31263/com.android.todolist I/mali_egl: eglDestroySurface() in
2021-07-12 18:56:19.363 31229-31263/com.android.todolist I/mali_winsys: delete_surface() [153x116] return
2021-07-12 18:56:19.363 31229-31263/com.android.todolist I/mali_egl: eglDestroySurface() out
2021-07-12 18:56:19.363 31229-31263/com.android.todolist W/libEGL: EGLNativeWindowType 0x7126c1dd50 disconnect failed
2021-07-12 18:56:19.363 31229-31263/com.android.todolist D/OpenGLRenderer: ~ReliableSurface : 0x7126c1dd40
2021-07-12 18:56:19.363 31229-31229/com.android.todolist D/ViewRootImpl@7828958[Toast]: dispatchDetachedFromWindow
2021-07-12 18:56:19.367 31229-31229/com.android.todolist D/InputTransport: Input channel destroyed: '95c0561', fd=82
2021-07-12 18:56:19.577 31229-31263/com.android.todolist D/OpenGLRenderer: makeCurrent EglSurface : 0x0 -> 0x70c4bf7400
2021-07-12 18:56:19.841 31229-31229/com.android.todolist D/ViewRootImpl@e82b266[MainActivity]: ViewPostIme pointer 0
2021-07-12 18:56:19.916 31229-31229/com.android.todolist D/ViewRootImpl@e82b266[MainActivity]: ViewPostIme pointer 1
2021-07-12 18:56:21.100 31229-31229/com.android.todolist D/ViewRootImpl@e82b266[MainActivity]: ViewPostIme pointer 0
2021-07-12 18:56:21.183 31229-31229/com.android.todolist D/ViewRootImpl@e82b266[MainActivity]: ViewPostIme pointer 1
2021-07-12 18:56:21.210 31229-31229/com.android.todolist D/Dialog: mIsSamsungBasicInteraction = false, isMetaDataInActivity = false
2021-07-12 18:56:21.213 31229-31229/com.android.todolist I/MultiWindowDecorSupport: updateCaptionType >> DecorView@f54d94f[], isFloating: true, isApplication: true, hasWindowDecorCaption: false, hasWindowControllerCallback: false
2021-07-12 18:56:21.213 31229-31229/com.android.todolist D/MultiWindowDecorSupport: setCaptionType = 0, DecorView = DecorView@f54d94f[]
2021-07-12 18:56:21.231 31229-31229/com.android.todolist D/ScrollView: initGoToTop
2021-07-12 18:56:21.245 31229-31229/com.android.todolist D/ViewRootImpl@5d7d6d1[MainActivity]: setView = com.android.internal.policy.DecorView@f54d94f TM=true MM=false
2021-07-12 18:56:21.283 31229-31229/com.android.todolist D/ViewRootImpl@5d7d6d1[MainActivity]: Relayout returned: old=(0,90,1080,2154) new=(28,838,1052,1406) req=(1024,568)0 dur=9 res=0x7 s={true 484336566272} ch=true
2021-07-12 18:56:21.283 31229-31263/com.android.todolist D/OpenGLRenderer: createReliableSurface : 0x70b56fbdc0(0x70c4b58000)
2021-07-12 18:56:21.284 31229-31263/com.android.todolist I/mali_winsys: new_window_surface() [1192x736] return: 0x3000
2021-07-12 18:56:21.291 31229-31229/com.android.todolist D/ScrollView:  onsize change changed
2021-07-12 18:56:21.293 31229-31229/com.android.todolist E/DecorView: mWindow.mActivityCurrentConfig is null
2021-07-12 18:56:21.297 31229-31263/com.android.todolist D/OpenGLRenderer: makeCurrent EglSurface : 0x70c4bf7400 -> 0x70c4ef0e00
2021-07-12 18:56:21.303 31229-31229/com.android.todolist D/ViewRootImpl@5d7d6d1[MainActivity]: MSG_WINDOW_FOCUS_CHANGED 1 1
2021-07-12 18:56:21.304 31229-31229/com.android.todolist D/InputMethodManager: prepareNavigationBarInfo() DecorView@f54d94f[MainActivity]
2021-07-12 18:56:21.304 31229-31229/com.android.todolist D/InputMethodManager: getNavigationBarColor() -855310
2021-07-12 18:56:21.308 31229-31229/com.android.todolist D/InputMethodManager: prepareNavigationBarInfo() DecorView@f54d94f[MainActivity]
2021-07-12 18:56:21.308 31229-31229/com.android.todolist D/InputMethodManager: getNavigationBarColor() -855310
2021-07-12 18:56:21.308 31229-31229/com.android.todolist V/InputMethodManager: Starting input: tba=com.android.todolist ic=null mNaviBarColor -855310 mIsGetNaviBarColorSuccess true , NavVisible : true , NavTrans : false
2021-07-12 18:56:21.308 31229-31229/com.android.todolist D/InputMethodManager: startInputInner - Id : 0
2021-07-12 18:56:21.308 31229-31229/com.android.todolist I/InputMethodManager: startInputInner - mService.startInputOrWindowGainedFocus
2021-07-12 18:56:21.310 31229-31229/com.android.todolist D/InputTransport: Input channel destroyed: 'ClientS', fd=90
2021-07-12 18:56:21.312 31229-31263/com.android.todolist D/OpenGLRenderer: makeCurrent EglSurface : 0x70c4ef0e00 -> 0x70c4bf7400
2021-07-12 18:56:21.316 31229-31263/com.android.todolist D/OpenGLRenderer: makeCurrent EglSurface : 0x70c4bf7400 -> 0x70c4ef0e00
2021-07-12 18:56:21.317 31229-31229/com.android.todolist D/ViewRootImpl@5d7d6d1[MainActivity]: MSG_RESIZED: frame=(28,838,1052,1406) ci=(0,0,0,0) vi=(0,0,0,0) or=1
2021-07-12 18:56:21.317 31229-31229/com.android.todolist D/ViewRootImpl@e82b266[MainActivity]: MSG_WINDOW_FOCUS_CHANGED 0 1
2021-07-12 18:56:21.317 31229-31229/com.android.todolist D/InputMethodManager: prepareNavigationBarInfo() DecorView@ef7cee9[MainActivity]
2021-07-12 18:56:21.317 31229-31229/com.android.todolist D/InputMethodManager: getNavigationBarColor() -855310
2021-07-12 18:56:21.329 31229-31263/com.android.todolist D/OpenGLRenderer: makeCurrent EglSurface : 0x70c4ef0e00 -> 0x70c4bf7400
2021-07-12 18:56:22.451 31229-31229/com.android.todolist D/ViewRootImpl@5d7d6d1[MainActivity]: ViewPostIme pointer 0
2021-07-12 18:56:22.534 31229-31229/com.android.todolist D/ViewRootImpl@5d7d6d1[MainActivity]: ViewPostIme pointer 1
2021-07-12 18:56:22.546 31229-31263/com.android.todolist D/OpenGLRenderer: makeCurrent EglSurface : 0x70c4bf7400 -> 0x70c4ef0e00
2021-07-12 18:56:22.554 31229-31229/com.android.todolist D/Toast: show: focusDisplayId = 0, isFocusInDesktop = false mCustomDisplayId=-1
2021-07-12 18:56:22.559 31229-31798/com.android.todolist V/Toast: SHOW: android.widget.Toast$TN@8f3d8c3
2021-07-12 18:56:22.562 31229-31263/com.android.todolist D/OpenGLRenderer: makeCurrent EglSurface : 0x70c4ef0e00 -> 0x0
2021-07-12 18:56:22.562 31229-31263/com.android.todolist D/OpenGLRenderer: destroyEglSurface : 0x70c4ef0e00
2021-07-12 18:56:22.562 31229-31263/com.android.todolist I/mali_egl: eglDestroySurface() in
2021-07-12 18:56:22.565 31229-31263/com.android.todolist I/mali_winsys: delete_surface() [1192x736] return
2021-07-12 18:56:22.565 31229-31263/com.android.todolist I/mali_egl: eglDestroySurface() out
2021-07-12 18:56:22.566 31229-31263/com.android.todolist W/libEGL: EGLNativeWindowType 0x70b56fbdd0 disconnect failed
2021-07-12 18:56:22.566 31229-31263/com.android.todolist D/OpenGLRenderer: ~ReliableSurface : 0x70b56fbdc0
2021-07-12 18:56:22.566 31229-31263/com.android.todolist D/OpenGLRenderer: endAllActiveAnimators on 0x70c4b4fa00 (RippleDrawable) with handle 0x70b55eb940
2021-07-12 18:56:22.566 31229-31229/com.android.todolist D/ViewRootImpl@5d7d6d1[MainActivity]: dispatchDetachedFromWindow
2021-07-12 18:56:22.571 31229-31229/com.android.todolist D/InputTransport: Input channel destroyed: '72d7622', fd=82
2021-07-12 18:56:22.572 31229-31229/com.android.todolist V/Toast: HANDLE SHOW: android.widget.Toast$TN@8f3d8c3 mView=null mNextView=android.widget.LinearLayout{5b0e540 V.E...... ......I. 0,0-0,0}
2021-07-12 18:56:22.572 31229-31229/com.android.todolist V/Toast: HANDLE HIDE: android.widget.Toast$TN@8f3d8c3 mView=null
2021-07-12 18:56:22.581 31229-31229/com.android.todolist D/ViewRootImpl@5b13e1f[Toast]: setView = android.widget.LinearLayout@5b0e540 TM=true MM=false
2021-07-12 18:56:22.581 31229-31229/com.android.todolist V/Toast: Text: Pper in android.widget.Toast$TN@8f3d8c3
2021-07-12 18:56:22.589 31229-31229/com.android.todolist D/ViewRootImpl@5b13e1f[Toast]: Relayout returned: old=(0,90,1080,2154) new=(302,1870,778,1986) req=(476,116)0 dur=6 res=0x7 s={true 484336889856} ch=true
2021-07-12 18:56:22.589 31229-31263/com.android.todolist D/OpenGLRenderer: createReliableSurface : 0x70b56fbdc0(0x70c4ba7000)
2021-07-12 18:56:22.591 31229-31263/com.android.todolist I/mali_winsys: new_window_surface() [476x116] return: 0x3000
2021-07-12 18:56:22.593 31229-31263/com.android.todolist D/OpenGLRenderer: makeCurrent EglSurface : 0x0 -> 0x70c4ef0e00
2021-07-12 18:56:22.598 31229-31229/com.android.todolist D/ViewRootImpl@e82b266[MainActivity]: MSG_WINDOW_FOCUS_CHANGED 1 1
2021-07-12 18:56:22.599 31229-31229/com.android.todolist D/InputMethodManager: prepareNavigationBarInfo() DecorView@ef7cee9[MainActivity]
2021-07-12 18:56:22.599 31229-31229/com.android.todolist D/InputMethodManager: getNavigationBarColor() -855310
2021-07-12 18:56:22.602 31229-31229/com.android.todolist D/InputMethodManager: prepareNavigationBarInfo() DecorView@ef7cee9[MainActivity]
2021-07-12 18:56:22.602 31229-31229/com.android.todolist D/InputMethodManager: getNavigationBarColor() -855310
2021-07-12 18:56:22.602 31229-31229/com.android.todolist V/InputMethodManager: Starting input: tba=com.android.todolist ic=null mNaviBarColor -855310 mIsGetNaviBarColorSuccess true , NavVisible : true , NavTrans : false
2021-07-12 18:56:22.602 31229-31229/com.android.todolist D/InputMethodManager: startInputInner - Id : 0
2021-07-12 18:56:22.602 31229-31229/com.android.todolist I/InputMethodManager: startInputInner - mService.startInputOrWindowGainedFocus
2021-07-12 18:56:22.605 31229-31229/com.android.todolist D/InputTransport: Input channel destroyed: 'ClientS', fd=85
2021-07-12 18:56:22.606 31229-31229/com.android.todolist E/ViewRootImpl: sendUserActionEvent() mView returned.
2021-07-12 18:56:22.612 31229-31263/com.android.todolist D/OpenGLRenderer: makeCurrent EglSurface : 0x70c4ef0e00 -> 0x70c4bf7400
2021-07-12 18:56:22.613 31229-31229/com.android.todolist D/ViewRootImpl@5b13e1f[Toast]: MSG_RESIZED: frame=(302,1870,778,1986) ci=(0,0,0,0) vi=(0,0,476,116) or=1
2021-07-12 18:56:24.559 31229-31798/com.android.todolist V/Toast: HIDE: android.widget.Toast$TN@8f3d8c3
2021-07-12 18:56:24.560 31229-31229/com.android.todolist V/Toast: HANDLE HIDE: android.widget.Toast$TN@8f3d8c3 mView=android.widget.LinearLayout{5b0e540 V.E...... ........ 0,0-476,116}
2021-07-12 18:56:24.560 31229-31229/com.android.todolist V/Toast: REMOVE! android.widget.LinearLayout{5b0e540 V.E...... ........ 0,0-476,116} in android.widget.Toast$TN@8f3d8c3
2021-07-12 18:56:24.561 31229-31263/com.android.todolist D/OpenGLRenderer: destroyEglSurface : 0x70c4ef0e00
2021-07-12 18:56:24.561 31229-31263/com.android.todolist I/mali_egl: eglDestroySurface() in
2021-07-12 18:56:24.562 31229-31263/com.android.todolist I/mali_winsys: delete_surface() [476x116] return
2021-07-12 18:56:24.562 31229-31263/com.android.todolist I/mali_egl: eglDestroySurface() out
2021-07-12 18:56:24.562 31229-31263/com.android.todolist W/libEGL: EGLNativeWindowType 0x70b56fbdd0 disconnect failed
2021-07-12 18:56:24.562 31229-31263/com.android.todolist D/OpenGLRenderer: ~ReliableSurface : 0x70b56fbdc0
2021-07-12 18:56:24.563 31229-31229/com.android.todolist D/ViewRootImpl@5b13e1f[Toast]: dispatchDetachedFromWindow
2021-07-12 18:56:24.565 31229-31229/com.android.todolist D/InputTransport: Input channel destroyed: 'd2a2e50', fd=82
2021-07-12 18:57:07.070 31229-31229/com.android.todolist D/ViewRootImpl@e82b266[MainActivity]: ViewPostIme pointer 0
2021-07-12 18:57:09.079 31229-31229/com.android.todolist D/ViewRootImpl@e82b266[MainActivity]: ViewPostIme pointer 1
2021-07-12 18:57:24.280 31229-31229/com.android.todolist D/ViewRootImpl@e82b266[MainActivity]: MSG_WINDOW_FOCUS_CHANGED 0 1
2021-07-12 18:57:24.280 31229-31229/com.android.todolist D/InputMethodManager: prepareNavigationBarInfo() DecorView@ef7cee9[MainActivity]
2021-07-12 18:57:24.280 31229-31229/com.android.todolist D/InputMethodManager: getNavigationBarColor() -855310
2021-07-12 18:57:24.356 31229-31229/com.android.todolist D/InputTransport: Input channel destroyed: 'ClientS', fd=88
2021-07-12 18:57:24.688 31229-31263/com.android.todolist D/OpenGLRenderer: makeCurrent EglSurface : 0x70c4bf7400 -> 0x0
2021-07-12 18:57:24.688 31229-31263/com.android.todolist D/OpenGLRenderer: destroyEglSurface : 0x70c4bf7400
2021-07-12 18:57:24.688 31229-31263/com.android.todolist I/mali_egl: eglDestroySurface() in
2021-07-12 18:57:24.689 31229-31263/com.android.todolist I/mali_winsys: delete_surface() [1080x2280] return
2021-07-12 18:57:24.689 31229-31263/com.android.todolist I/mali_egl: eglDestroySurface() out
2021-07-12 18:57:24.689 31229-31263/com.android.todolist W/libEGL: EGLNativeWindowType 0x7126c1dc10 disconnect failed
2021-07-12 18:57:24.689 31229-31263/com.android.todolist D/OpenGLRenderer: ~ReliableSurface : 0x7126c1dc00
2021-07-12 18:57:24.694 31229-31229/com.android.todolist D/ViewRootImpl@e82b266[MainActivity]: Relayout returned: old=(0,0,1080,2280) new=(0,0,1080,2280) req=(1080,2280)8 dur=3 res=0x5 s={false 0} ch=true
2021-07-12 18:57:24.695 31229-31229/com.android.todolist D/ViewRootImpl@e82b266[MainActivity]: stopped(true) old=false
2021-07-12 18:57:24.709 31229-31229/com.android.todolist D/ViewRootImpl@e82b266[MainActivity]: Relayout returned: old=(0,0,1080,2280) new=(0,0,1080,2280) req=(1080,2280)8 dur=4 res=0x5 s={false 0} ch=false
2021-07-12 18:57:24.807 31229-31235/com.android.todolist I/ndroid.todolis: Compiler allocated 4270KB to compile void android.view.ViewRootImpl.performTraversals()
2021-07-12 18:57:50.660 31229-31229/com.android.todolist D/ViewRootImpl@e82b266[MainActivity]: Relayout returned: old=(0,0,1080,2280) new=(0,0,1080,2280) req=(1080,2280)4 dur=12 res=0x1 s={false 0} ch=false
2021-07-12 18:57:50.661 31229-31229/com.android.todolist D/ViewRootImpl@e82b266[MainActivity]: stopped(false) old=true
2021-07-12 18:57:50.672 31229-31229/com.android.todolist D/ViewRootImpl@e82b266[MainActivity]: stopped(false) old=false
2021-07-12 18:57:50.683 31229-31229/com.android.todolist D/ViewRootImpl@e82b266[MainActivity]: Relayout returned: old=(0,0,1080,2280) new=(0,0,1080,2280) req=(1080,2280)0 dur=7 res=0x7 s={true 484336889856} ch=true
2021-07-12 18:57:50.683 31229-31263/com.android.todolist D/OpenGLRenderer: createReliableSurface : 0x7126c1bf40(0x70c4ba7000)
2021-07-12 18:57:50.685 31229-31263/com.android.todolist I/mali_winsys: new_window_surface() [1080x2280] return: 0x3000
2021-07-12 18:57:50.688 31229-31263/com.android.todolist D/OpenGLRenderer: makeCurrent EglSurface : 0x0 -> 0x70c4bf7400
2021-07-12 18:57:50.693 31229-31229/com.android.todolist D/ViewRootImpl@e82b266[MainActivity]: MSG_WINDOW_FOCUS_CHANGED 1 1
2021-07-12 18:57:50.693 31229-31229/com.android.todolist D/InputMethodManager: prepareNavigationBarInfo() DecorView@ef7cee9[MainActivity]
2021-07-12 18:57:50.693 31229-31229/com.android.todolist D/InputMethodManager: getNavigationBarColor() -855310
2021-07-12 18:57:50.695 31229-31229/com.android.todolist D/InputMethodManager: prepareNavigationBarInfo() DecorView@ef7cee9[MainActivity]
2021-07-12 18:57:50.695 31229-31229/com.android.todolist D/InputMethodManager: getNavigationBarColor() -855310
2021-07-12 18:57:50.695 31229-31229/com.android.todolist V/InputMethodManager: Starting input: tba=com.android.todolist ic=null mNaviBarColor -855310 mIsGetNaviBarColorSuccess true , NavVisible : true , NavTrans : false
2021-07-12 18:57:50.695 31229-31229/com.android.todolist D/InputMethodManager: startInputInner - Id : 0
2021-07-12 18:57:50.695 31229-31229/com.android.todolist I/InputMethodManager: startInputInner - mService.startInputOrWindowGainedFocus
2021-07-12 18:58:44.358 31229-31229/com.android.todolist D/ViewRootImpl@e82b266[MainActivity]: ViewPostIme pointer 0
2021-07-12 18:58:44.477 31229-31229/com.android.todolist D/ViewRootImpl@e82b266[MainActivity]: ViewPostIme pointer 1
2021-07-12 18:58:44.560 31229-31229/com.android.todolist D/ViewRootImpl@e82b266[MainActivity]: ViewPostIme pointer 0
2021-07-12 18:58:44.669 31229-31229/com.android.todolist D/ViewRootImpl@e82b266[MainActivity]: ViewPostIme pointer 1
2021-07-12 18:58:45.303 31229-31229/com.android.todolist D/ViewRootImpl@e82b266[MainActivity]: ViewPostIme pointer 0
2021-07-12 18:58:45.344 31229-31229/com.android.todolist D/ViewRootImpl@e82b266[MainActivity]: ViewPostIme pointer 1
2021-07-12 18:58:45.496 31229-31229/com.android.todolist D/ViewRootImpl@e82b266[MainActivity]: ViewPostIme pointer 0
2021-07-12 18:58:45.555 31229-31229/com.android.todolist D/ViewRootImpl@e82b266[MainActivity]: ViewPostIme pointer 1
2021-07-12 18:58:45.696 31229-31229/com.android.todolist D/ViewRootImpl@e82b266[MainActivity]: ViewPostIme pointer 0
2021-07-12 18:58:45.771 31229-31229/com.android.todolist D/ViewRootImpl@e82b266[MainActivity]: ViewPostIme pointer 1
2021-07-12 18:58:45.930 31229-31229/com.android.todolist D/ViewRootImpl@e82b266[MainActivity]: ViewPostIme pointer 0
2021-07-12 18:58:45.969 31229-31229/com.android.todolist D/ViewRootImpl@e82b266[MainActivity]: ViewPostIme pointer 1
2021-07-12 18:59:37.850 31229-31229/com.android.todolist D/ViewRootImpl@e82b266[MainActivity]: ViewPostIme pointer 0
2021-07-12 18:59:37.994 31229-31229/com.android.todolist D/ViewRootImpl@e82b266[MainActivity]: ViewPostIme pointer 1
2021-07-12 18:59:38.401 31229-31229/com.android.todolist D/ViewRootImpl@e82b266[MainActivity]: ViewPostIme pointer 0
2021-07-12 18:59:38.493 31229-31229/com.android.todolist D/ViewRootImpl@e82b266[MainActivity]: ViewPostIme pointer 1
2021-07-12 18:59:50.271 31229-31229/com.android.todolist D/ViewRootImpl@e82b266[MainActivity]: ViewPostIme pointer 0
2021-07-12 18:59:50.359 31229-31229/com.android.todolist D/ViewRootImpl@e82b266[MainActivity]: ViewPostIme pointer 1
2021-07-12 18:59:51.106 31229-31229/com.android.todolist D/ViewRootImpl@e82b266[MainActivity]: ViewPostIme pointer 0
2021-07-12 18:59:51.152 31229-31229/com.android.todolist D/ViewRootImpl@e82b266[MainActivity]: ViewPostIme pointer 1
2021-07-12 18:59:51.159 31229-31229/com.android.todolist D/Dialog: mIsSamsungBasicInteraction = false, isMetaDataInActivity = false
2021-07-12 18:59:51.164 31229-31229/com.android.todolist I/MultiWindowDecorSupport: updateCaptionType >> DecorView@708b19c[], isFloating: true, isApplication: true, hasWindowDecorCaption: false, hasWindowControllerCallback: false
2021-07-12 18:59:51.164 31229-31229/com.android.todolist D/MultiWindowDecorSupport: setCaptionType = 0, DecorView = DecorView@708b19c[]
2021-07-12 18:59:51.180 31229-31229/com.android.todolist D/ScrollView: initGoToTop
2021-07-12 18:59:51.193 31229-31229/com.android.todolist D/ViewRootImpl@4f727f7[MainActivity]: setView = com.android.internal.policy.DecorView@708b19c TM=true MM=false
2021-07-12 18:59:51.217 31229-31229/com.android.todolist D/ViewRootImpl@4f727f7[MainActivity]: Relayout returned: old=(0,90,1080,2154) new=(28,865,1052,1378) req=(1024,513)0 dur=14 res=0x7 s={true 486061068288} ch=true
2021-07-12 18:59:51.217 31229-31263/com.android.todolist D/OpenGLRenderer: createReliableSurface : 0x70b56fc7c0(0x712b7f5000)
2021-07-12 18:59:51.221 31229-31263/com.android.todolist I/mali_winsys: new_window_surface() [1192x681] return: 0x3000
2021-07-12 18:59:51.221 31229-31229/com.android.todolist D/ScrollView:  onsize change changed
2021-07-12 18:59:51.223 31229-31229/com.android.todolist E/DecorView: mWindow.mActivityCurrentConfig is null
2021-07-12 18:59:51.227 31229-31263/com.android.todolist D/OpenGLRenderer: makeCurrent EglSurface : 0x70c4bf7400 -> 0x711fd84480
2021-07-12 18:59:51.241 31229-31263/com.android.todolist D/OpenGLRenderer: makeCurrent EglSurface : 0x711fd84480 -> 0x70c4bf7400
2021-07-12 18:59:51.250 31229-31229/com.android.todolist D/ViewRootImpl@4f727f7[MainActivity]: MSG_WINDOW_FOCUS_CHANGED 1 1
2021-07-12 18:59:51.252 31229-31263/com.android.todolist D/OpenGLRenderer: makeCurrent EglSurface : 0x70c4bf7400 -> 0x711fd84480
2021-07-12 18:59:51.259 31229-31263/com.android.todolist D/OpenGLRenderer: makeCurrent EglSurface : 0x711fd84480 -> 0x70c4bf7400
2021-07-12 18:59:51.260 31229-31229/com.android.todolist D/ViewRootImpl@4f727f7[MainActivity]: MSG_RESIZED: frame=(28,865,1052,1378) ci=(0,0,0,0) vi=(0,0,0,0) or=1
2021-07-12 18:59:51.266 31229-31229/com.android.todolist D/ViewRootImpl@e82b266[MainActivity]: MSG_WINDOW_FOCUS_CHANGED 0 1
2021-07-12 18:59:51.266 31229-31229/com.android.todolist D/InputMethodManager: prepareNavigationBarInfo() DecorView@ef7cee9[MainActivity]
2021-07-12 18:59:51.266 31229-31229/com.android.todolist D/InputMethodManager: getNavigationBarColor() -855310
2021-07-12 18:59:51.590 31229-31235/com.android.todolist I/ndroid.todolis: Compiler allocated 4171KB to compile void android.view.ViewRootImpl.performTraversals()
2021-07-12 18:59:52.013 31229-31229/com.android.todolist D/ViewRootImpl@4f727f7[MainActivity]: ViewPostIme pointer 0
2021-07-12 18:59:52.094 31229-31229/com.android.todolist D/ViewRootImpl@4f727f7[MainActivity]: ViewPostIme pointer 1
2021-07-12 18:59:52.107 31229-31263/com.android.todolist D/OpenGLRenderer: makeCurrent EglSurface : 0x70c4bf7400 -> 0x711fd84480
2021-07-12 18:59:52.113 31229-31263/com.android.todolist D/OpenGLRenderer: makeCurrent EglSurface : 0x711fd84480 -> 0x0
2021-07-12 18:59:52.113 31229-31263/com.android.todolist D/OpenGLRenderer: destroyEglSurface : 0x711fd84480
2021-07-12 18:59:52.113 31229-31263/com.android.todolist I/mali_egl: eglDestroySurface() in
2021-07-12 18:59:52.118 31229-31263/com.android.todolist I/mali_winsys: delete_surface() [1192x681] return
2021-07-12 18:59:52.118 31229-31263/com.android.todolist I/mali_egl: eglDestroySurface() out
2021-07-12 18:59:52.119 31229-31263/com.android.todolist W/libEGL: EGLNativeWindowType 0x70b56fc7d0 disconnect failed
2021-07-12 18:59:52.119 31229-31263/com.android.todolist D/OpenGLRenderer: ~ReliableSurface : 0x70b56fc7c0
2021-07-12 18:59:52.119 31229-31263/com.android.todolist D/OpenGLRenderer: endAllActiveAnimators on 0x70c4a01800 (RippleDrawable) with handle 0x70b55eb400
2021-07-12 18:59:52.119 31229-31229/com.android.todolist D/ViewRootImpl@4f727f7[MainActivity]: dispatchDetachedFromWindow
2021-07-12 18:59:52.125 31229-31229/com.android.todolist D/InputTransport: Input channel destroyed: '838bb41', fd=49
2021-07-12 18:59:52.130 31229-31263/com.android.todolist D/OpenGLRenderer: makeCurrent EglSurface : 0x0 -> 0x70c4bf7400
2021-07-12 18:59:52.130 31229-31229/com.android.todolist D/ViewRootImpl@e82b266[MainActivity]: MSG_WINDOW_FOCUS_CHANGED 1 1
2021-07-12 18:59:52.131 31229-31229/com.android.todolist D/InputMethodManager: prepareNavigationBarInfo() DecorView@ef7cee9[MainActivity]
2021-07-12 18:59:52.131 31229-31229/com.android.todolist D/InputMethodManager: getNavigationBarColor() -855310
2021-07-12 18:59:52.133 31229-31229/com.android.todolist E/ViewRootImpl: sendUserActionEvent() mView returned.
2021-07-12 18:59:53.805 31229-31229/com.android.todolist D/ViewRootImpl@e82b266[MainActivity]: ViewPostIme pointer 0
2021-07-12 18:59:53.910 31229-31229/com.android.todolist D/ViewRootImpl@e82b266[MainActivity]: ViewPostIme pointer 1
2021-07-12 18:59:53.941 31229-31229/com.android.todolist D/Dialog: mIsSamsungBasicInteraction = false, isMetaDataInActivity = false
2021-07-12 18:59:53.946 31229-31229/com.android.todolist I/MultiWindowDecorSupport: updateCaptionType >> DecorView@95e0e2c[], isFloating: true, isApplication: true, hasWindowDecorCaption: false, hasWindowControllerCallback: false
2021-07-12 18:59:53.946 31229-31229/com.android.todolist D/MultiWindowDecorSupport: setCaptionType = 0, DecorView = DecorView@95e0e2c[]
2021-07-12 18:59:53.960 31229-31229/com.android.todolist D/ScrollView: initGoToTop
2021-07-12 18:59:53.973 31229-31229/com.android.todolist D/ViewRootImpl@764bd2e[MainActivity]: setView = com.android.internal.policy.DecorView@95e0e2c TM=true MM=false
2021-07-12 18:59:53.994 31229-31229/com.android.todolist D/ViewRootImpl@764bd2e[MainActivity]: Relayout returned: old=(0,90,1080,2154) new=(28,838,1052,1406) req=(1024,568)0 dur=9 res=0x7 s={true 485867683840} ch=true
2021-07-12 18:59:53.996 31229-31263/com.android.todolist D/OpenGLRenderer: createReliableSurface : 0x70b56fc7c0(0x711ff88000)
2021-07-12 18:59:54.000 31229-31229/com.android.todolist D/ScrollView:  onsize change changed
2021-07-12 18:59:54.000 31229-31263/com.android.todolist I/mali_winsys: new_window_surface() [1192x736] return: 0x3000
2021-07-12 18:59:54.002 31229-31229/com.android.todolist E/DecorView: mWindow.mActivityCurrentConfig is null
2021-07-12 18:59:54.008 31229-31263/com.android.todolist D/OpenGLRenderer: makeCurrent EglSurface : 0x70c4bf7400 -> 0x711fd84480
2021-07-12 18:59:54.012 31229-31263/com.android.todolist D/OpenGLRenderer: makeCurrent EglSurface : 0x711fd84480 -> 0x70c4bf7400
2021-07-12 18:59:54.014 31229-31229/com.android.todolist D/ViewRootImpl@764bd2e[MainActivity]: MSG_WINDOW_FOCUS_CHANGED 1 1
2021-07-12 18:59:54.014 31229-31229/com.android.todolist D/InputMethodManager: prepareNavigationBarInfo() DecorView@95e0e2c[MainActivity]
2021-07-12 18:59:54.014 31229-31229/com.android.todolist D/InputMethodManager: getNavigationBarColor() -855310
2021-07-12 18:59:54.021 31229-31229/com.android.todolist D/InputMethodManager: prepareNavigationBarInfo() DecorView@95e0e2c[MainActivity]
2021-07-12 18:59:54.021 31229-31229/com.android.todolist D/InputMethodManager: getNavigationBarColor() -855310
2021-07-12 18:59:54.021 31229-31229/com.android.todolist V/InputMethodManager: Starting input: tba=com.android.todolist ic=null mNaviBarColor -855310 mIsGetNaviBarColorSuccess true , NavVisible : true , NavTrans : false
2021-07-12 18:59:54.022 31229-31229/com.android.todolist D/InputMethodManager: startInputInner - Id : 0
2021-07-12 18:59:54.022 31229-31229/com.android.todolist I/InputMethodManager: startInputInner - mService.startInputOrWindowGainedFocus
2021-07-12 18:59:54.027 31229-31229/com.android.todolist D/InputTransport: Input channel destroyed: 'ClientS', fd=82
2021-07-12 18:59:54.030 31229-31263/com.android.todolist D/OpenGLRenderer: makeCurrent EglSurface : 0x70c4bf7400 -> 0x711fd84480
2021-07-12 18:59:54.031 31229-31229/com.android.todolist D/ViewRootImpl@764bd2e[MainActivity]: MSG_RESIZED: frame=(28,838,1052,1406) ci=(0,0,0,0) vi=(0,0,0,0) or=1
2021-07-12 18:59:54.031 31229-31229/com.android.todolist D/ViewRootImpl@e82b266[MainActivity]: MSG_WINDOW_FOCUS_CHANGED 0 1
2021-07-12 18:59:54.031 31229-31229/com.android.todolist D/InputMethodManager: prepareNavigationBarInfo() DecorView@ef7cee9[MainActivity]
2021-07-12 18:59:54.031 31229-31229/com.android.todolist D/InputMethodManager: getNavigationBarColor() -855310
2021-07-12 18:59:54.042 31229-31263/com.android.todolist D/OpenGLRenderer: makeCurrent EglSurface : 0x711fd84480 -> 0x70c4bf7400
2021-07-12 18:59:54.799 31229-31229/com.android.todolist D/ViewRootImpl@764bd2e[MainActivity]: ViewPostIme pointer 0
2021-07-12 18:59:54.807 31229-31263/com.android.todolist D/OpenGLRenderer: makeCurrent EglSurface : 0x70c4bf7400 -> 0x711fd84480
2021-07-12 18:59:54.878 31229-31229/com.android.todolist D/ViewRootImpl@764bd2e[MainActivity]: ViewPostIme pointer 1
2021-07-12 18:59:54.887 31229-31229/com.android.todolist D/InputMethodManager: prepareNavigationBarInfo() DecorView@95e0e2c[MainActivity]
2021-07-12 18:59:54.887 31229-31229/com.android.todolist D/InputMethodManager: getNavigationBarColor() -855310
2021-07-12 18:59:54.887 31229-31229/com.android.todolist V/InputMethodManager: Starting input: tba=com.android.todolist ic=com.android.internal.widget.EditableInputConnection@5c2bab6 mNaviBarColor -855310 mIsGetNaviBarColorSuccess true , NavVisible : true , NavTrans : false
2021-07-12 18:59:54.887 31229-31229/com.android.todolist D/InputMethodManager: startInputInner - Id : 0
2021-07-12 18:59:54.891 31229-31229/com.android.todolist I/InputMethodManager: startInputInner - mService.startInputOrWindowGainedFocus
2021-07-12 18:59:54.893 31229-31229/com.android.todolist D/InputTransport: Input channel destroyed: 'ClientS', fd=88
2021-07-12 18:59:54.894 31229-31229/com.android.todolist D/InputMethodManager: SSI - flag : 0 Pid : 31229 view : com.android.todolist
2021-07-12 18:59:54.894 31229-31229/com.android.todolist D/InputMethodManager: prepareNavigationBarInfo() DecorView@95e0e2c[MainActivity]
2021-07-12 18:59:54.894 31229-31229/com.android.todolist D/InputMethodManager: getNavigationBarColor() -855310
2021-07-12 18:59:54.899 31229-31229/com.android.todolist D/Editor: waiting for the right moment
2021-07-12 18:59:54.906 31229-31229/com.android.todolist E/ndroid.todolis: Invalid ID 0x00000000.
2021-07-12 18:59:54.910 31229-31229/com.android.todolist I/AssistStructure: Flattened final assist data: 3200 bytes, containing 2 windows, 25 views
2021-07-12 18:59:55.014 31229-31229/com.android.todolist D/ViewRootImpl@e82b266[MainActivity]: MSG_RESIZED: frame=(0,0,1080,2280) ci=(0,90,0,986) vi=(0,90,0,986) or=1
2021-07-12 18:59:55.027 31229-31229/com.android.todolist D/ViewRootImpl@e82b266[MainActivity]: Relayout returned: old=(0,0,1080,2280) new=(0,0,1080,2280) req=(1080,2280)0 dur=4 res=0x1 s={true 484336889856} ch=false
2021-07-12 18:59:55.033 31229-31263/com.android.todolist D/OpenGLRenderer: makeCurrent EglSurface : 0x711fd84480 -> 0x70c4bf7400
2021-07-12 18:59:55.392 31229-31263/com.android.todolist D/OpenGLRenderer: makeCurrent EglSurface : 0x70c4bf7400 -> 0x711fd84480
2021-07-12 18:59:56.867 31229-31229/com.android.todolist D/ViewRootImpl@764bd2e[MainActivity]: ViewPostIme pointer 0
2021-07-12 18:59:56.920 31229-31229/com.android.todolist D/ViewRootImpl@764bd2e[MainActivity]: ViewPostIme pointer 1
2021-07-12 18:59:56.934 31229-31263/com.android.todolist D/OpenGLRenderer: makeCurrent EglSurface : 0x711fd84480 -> 0x0
2021-07-12 18:59:56.934 31229-31263/com.android.todolist D/OpenGLRenderer: destroyEglSurface : 0x711fd84480
2021-07-12 18:59:56.934 31229-31263/com.android.todolist I/mali_egl: eglDestroySurface() in
2021-07-12 18:59:56.939 31229-31263/com.android.todolist I/mali_winsys: delete_surface() [1192x736] return
2021-07-12 18:59:56.939 31229-31263/com.android.todolist I/mali_egl: eglDestroySurface() out
2021-07-12 18:59:56.939 31229-31263/com.android.todolist W/libEGL: EGLNativeWindowType 0x70b56fc7d0 disconnect failed
2021-07-12 18:59:56.939 31229-31263/com.android.todolist D/OpenGLRenderer: ~ReliableSurface : 0x70b56fc7c0
2021-07-12 18:59:56.939 31229-31263/com.android.todolist D/OpenGLRenderer: endAllActiveAnimators on 0x70c4b52c00 (RippleDrawable) with handle 0x7126d31200
2021-07-12 18:59:56.939 31229-31229/com.android.todolist D/ViewRootImpl@764bd2e[MainActivity]: dispatchDetachedFromWindow
2021-07-12 18:59:56.945 31229-31229/com.android.todolist D/InputTransport: Input channel destroyed: 'cde35b3', fd=80
2021-07-12 18:59:56.955 31229-31263/com.android.todolist D/OpenGLRenderer: makeCurrent EglSurface : 0x0 -> 0x70c4bf7400
2021-07-12 18:59:56.955 31229-31229/com.android.todolist D/ViewRootImpl@e82b266[MainActivity]: MSG_WINDOW_FOCUS_CHANGED 1 1
2021-07-12 18:59:56.956 31229-31229/com.android.todolist D/InputMethodManager: prepareNavigationBarInfo() DecorView@ef7cee9[MainActivity]
2021-07-12 18:59:56.956 31229-31229/com.android.todolist D/InputMethodManager: getNavigationBarColor() -855310
2021-07-12 18:59:56.957 31229-31229/com.android.todolist D/InputMethodManager: prepareNavigationBarInfo() DecorView@ef7cee9[MainActivity]
2021-07-12 18:59:56.957 31229-31229/com.android.todolist D/InputMethodManager: getNavigationBarColor() -855310
2021-07-12 18:59:56.957 31229-31229/com.android.todolist V/InputMethodManager: Starting input: tba=com.android.todolist ic=null mNaviBarColor -855310 mIsGetNaviBarColorSuccess true , NavVisible : true , NavTrans : false
2021-07-12 18:59:56.957 31229-31229/com.android.todolist D/InputMethodManager: startInputInner - Id : 0
2021-07-12 18:59:56.957 31229-31229/com.android.todolist I/InputMethodManager: startInputInner - mService.startInputOrWindowGainedFocus
2021-07-12 18:59:56.966 31229-31229/com.android.todolist D/InputTransport: Input channel destroyed: 'ClientS', fd=83
2021-07-12 18:59:56.967 31229-31229/com.android.todolist E/ViewRootImpl: sendUserActionEvent() mView returned.
2021-07-12 18:59:57.001 31229-31229/com.android.todolist W/IInputConnectionWrapper: requestCursorAnchorInfo on inactive InputConnection
2021-07-12 18:59:57.077 31229-31229/com.android.todolist D/ViewRootImpl@e82b266[MainActivity]: MSG_RESIZED: frame=(0,0,1080,2280) ci=(0,90,0,126) vi=(0,90,0,126) or=1
2021-07-12 18:59:57.110 31229-31229/com.android.todolist D/ViewRootImpl@e82b266[MainActivity]: Relayout returned: old=(0,0,1080,2280) new=(0,0,1080,2280) req=(1080,2280)0 dur=13 res=0x1 s={true 484336889856} ch=false
2021-07-12 18:59:58.008 31229-31229/com.android.todolist D/ViewRootImpl@e82b266[MainActivity]: ViewPostIme pointer 0
2021-07-12 18:59:58.088 31229-31229/com.android.todolist D/ViewRootImpl@e82b266[MainActivity]: ViewPostIme pointer 1
2021-07-12 18:59:58.115 31229-31229/com.android.todolist D/Dialog: mIsSamsungBasicInteraction = false, isMetaDataInActivity = false
2021-07-12 18:59:58.119 31229-31229/com.android.todolist I/MultiWindowDecorSupport: updateCaptionType >> DecorView@60578fd[], isFloating: true, isApplication: true, hasWindowDecorCaption: false, hasWindowControllerCallback: false
2021-07-12 18:59:58.120 31229-31229/com.android.todolist D/MultiWindowDecorSupport: setCaptionType = 0, DecorView = DecorView@60578fd[]
2021-07-12 18:59:58.132 31229-31229/com.android.todolist D/ScrollView: initGoToTop
2021-07-12 18:59:58.142 31229-31229/com.android.todolist D/ViewRootImpl@2fac997[MainActivity]: setView = com.android.internal.policy.DecorView@60578fd TM=true MM=false
2021-07-12 18:59:58.162 31229-31229/com.android.todolist D/ViewRootImpl@2fac997[MainActivity]: Relayout returned: old=(0,90,1080,2154) new=(28,838,1052,1406) req=(1024,568)0 dur=13 res=0x7 s={true 484338417664} ch=true
2021-07-12 18:59:58.164 31229-31263/com.android.todolist D/OpenGLRenderer: createReliableSurface : 0x70b56fca40(0x70c4d1c000)
2021-07-12 18:59:58.166 31229-31229/com.android.todolist D/ScrollView:  onsize change changed
2021-07-12 18:59:58.168 31229-31263/com.android.todolist I/mali_winsys: new_window_surface() [1192x736] return: 0x3000
2021-07-12 18:59:58.169 31229-31229/com.android.todolist E/DecorView: mWindow.mActivityCurrentConfig is null
2021-07-12 18:59:58.173 31229-31263/com.android.todolist D/OpenGLRenderer: makeCurrent EglSurface : 0x70c4bf7400 -> 0x70c4bf7480
2021-07-12 18:59:58.176 31229-31263/com.android.todolist D/OpenGLRenderer: makeCurrent EglSurface : 0x70c4bf7480 -> 0x70c4bf7400
2021-07-12 18:59:58.179 31229-31229/com.android.todolist D/ViewRootImpl@2fac997[MainActivity]: MSG_WINDOW_FOCUS_CHANGED 1 1
2021-07-12 18:59:58.179 31229-31229/com.android.todolist D/InputMethodManager: prepareNavigationBarInfo() DecorView@60578fd[MainActivity]
2021-07-12 18:59:58.179 31229-31229/com.android.todolist D/InputMethodManager: getNavigationBarColor() -855310
2021-07-12 18:59:58.180 31229-31229/com.android.todolist D/InputMethodManager: prepareNavigationBarInfo() DecorView@60578fd[MainActivity]
2021-07-12 18:59:58.180 31229-31229/com.android.todolist D/InputMethodManager: getNavigationBarColor() -855310
2021-07-12 18:59:58.180 31229-31229/com.android.todolist V/InputMethodManager: Starting input: tba=com.android.todolist ic=null mNaviBarColor -855310 mIsGetNaviBarColorSuccess true , NavVisible : true , NavTrans : false
2021-07-12 18:59:58.180 31229-31229/com.android.todolist D/InputMethodManager: startInputInner - Id : 0
2021-07-12 18:59:58.181 31229-31229/com.android.todolist I/InputMethodManager: startInputInner - mService.startInputOrWindowGainedFocus
2021-07-12 18:59:58.185 31229-31229/com.android.todolist D/InputTransport: Input channel destroyed: 'ClientS', fd=80
2021-07-12 18:59:58.187 31229-31263/com.android.todolist D/OpenGLRenderer: makeCurrent EglSurface : 0x70c4bf7400 -> 0x70c4bf7480
2021-07-12 18:59:58.191 31229-31263/com.android.todolist D/OpenGLRenderer: makeCurrent EglSurface : 0x70c4bf7480 -> 0x70c4bf7400
2021-07-12 18:59:58.192 31229-31229/com.android.todolist D/ViewRootImpl@2fac997[MainActivity]: MSG_RESIZED: frame=(28,838,1052,1406) ci=(0,0,0,0) vi=(0,0,0,0) or=1
