2021-07-12 18:59:58.192 31229-31229/com.android.todolist D/ViewRootImpl@e82b266[MainActivity]: MSG_WINDOW_FOCUS_CHANGED 0 1
2021-07-12 18:59:58.192 31229-31229/com.android.todolist D/InputMethodManager: prepareNavigationBarInfo() DecorView@ef7cee9[MainActivity]
2021-07-12 18:59:58.192 31229-31229/com.android.todolist D/InputMethodManager: getNavigationBarColor() -855310
2021-07-12 18:59:58.732 31229-31229/com.android.todolist D/ViewRootImpl@2fac997[MainActivity]: ViewPostIme pointer 0
2021-07-12 18:59:58.745 31229-31263/com.android.todolist D/OpenGLRenderer: makeCurrent EglSurface : 0x70c4bf7400 -> 0x70c4bf7480
2021-07-12 18:59:58.759 31229-31263/com.android.todolist D/OpenGLRenderer: makeCurrent EglSurface : 0x70c4bf7480 -> 0x70c4bf7400
2021-07-12 18:59:58.788 31229-31229/com.android.todolist D/ViewRootImpl@2fac997[MainActivity]: ViewPostIme pointer 1
2021-07-12 18:59:58.794 31229-31229/com.android.todolist D/InputMethodManager: prepareNavigationBarInfo() DecorView@60578fd[MainActivity]
2021-07-12 18:59:58.794 31229-31229/com.android.todolist D/InputMethodManager: getNavigationBarColor() -855310
2021-07-12 18:59:58.794 31229-31229/com.android.todolist V/InputMethodManager: Starting input: tba=com.android.todolist ic=com.android.internal.widget.EditableInputConnection@f0c7f7f mNaviBarColor -855310 mIsGetNaviBarColorSuccess true , NavVisible : true , NavTrans : false
2021-07-12 18:59:58.794 31229-31229/com.android.todolist D/InputMethodManager: startInputInner - Id : 0
2021-07-12 18:59:58.798 31229-31229/com.android.todolist I/InputMethodManager: startInputInner - mService.startInputOrWindowGainedFocus
2021-07-12 18:59:58.799 31229-31229/com.android.todolist D/InputTransport: Input channel destroyed: 'ClientS', fd=85
2021-07-12 18:59:58.800 31229-31229/com.android.todolist D/InputMethodManager: SSI - flag : 0 Pid : 31229 view : com.android.todolist
2021-07-12 18:59:58.800 31229-31229/com.android.todolist D/InputMethodManager: prepareNavigationBarInfo() DecorView@60578fd[MainActivity]
2021-07-12 18:59:58.800 31229-31229/com.android.todolist D/InputMethodManager: getNavigationBarColor() -855310
2021-07-12 18:59:58.804 31229-31229/com.android.todolist D/Editor: waiting for the right moment
2021-07-12 18:59:58.813 31229-31263/com.android.todolist D/OpenGLRenderer: makeCurrent EglSurface : 0x70c4bf7400 -> 0x70c4bf7480
2021-07-12 18:59:58.817 31229-31229/com.android.todolist E/ndroid.todolis: Invalid ID 0x00000000.
2021-07-12 18:59:58.820 31229-31229/com.android.todolist I/AssistStructure: Flattened final assist data: 3200 bytes, containing 2 windows, 25 views
2021-07-12 18:59:58.824 31229-31263/com.android.todolist D/OpenGLRenderer: makeCurrent EglSurface : 0x70c4bf7480 -> 0x70c4bf7400
2021-07-12 18:59:58.828 31229-31263/com.android.todolist D/OpenGLRenderer: makeCurrent EglSurface : 0x70c4bf7400 -> 0x70c4bf7480
2021-07-12 18:59:58.841 31229-31263/com.android.todolist D/OpenGLRenderer: makeCurrent EglSurface : 0x70c4bf7480 -> 0x70c4bf7400
2021-07-12 18:59:58.894 31229-31229/com.android.todolist D/ViewRootImpl@e82b266[MainActivity]: MSG_RESIZED: frame=(0,0,1080,2280) ci=(0,90,0,986) vi=(0,90,0,986) or=1
2021-07-12 18:59:58.915 31229-31229/com.android.todolist D/ViewRootImpl@e82b266[MainActivity]: Relayout returned: old=(0,0,1080,2280) new=(0,0,1080,2280) req=(1080,2280)0 dur=2 res=0x1 s={true 484336889856} ch=false
2021-07-12 18:59:59.310 31229-31263/com.android.todolist D/OpenGLRenderer: makeCurrent EglSurface : 0x70c4bf7400 -> 0x70c4bf7480
2021-07-12 19:00:00.291 31229-31229/com.android.todolist D/ViewRootImpl@2fac997[MainActivity]: ViewPostIme pointer 0
2021-07-12 19:00:00.347 31229-31229/com.android.todolist D/ViewRootImpl@2fac997[MainActivity]: ViewPostIme pointer 1
2021-07-12 19:00:00.370 31229-31263/com.android.todolist D/OpenGLRenderer: makeCurrent EglSurface : 0x70c4bf7480 -> 0x0
2021-07-12 19:00:00.370 31229-31263/com.android.todolist D/OpenGLRenderer: destroyEglSurface : 0x70c4bf7480
2021-07-12 19:00:00.370 31229-31263/com.android.todolist I/mali_egl: eglDestroySurface() in
2021-07-12 19:00:00.374 31229-31263/com.android.todolist I/mali_winsys: delete_surface() [1192x736] return
2021-07-12 19:00:00.374 31229-31263/com.android.todolist I/mali_egl: eglDestroySurface() out
2021-07-12 19:00:00.374 31229-31263/com.android.todolist W/libEGL: EGLNativeWindowType 0x70b56fca50 disconnect failed
2021-07-12 19:00:00.374 31229-31263/com.android.todolist D/OpenGLRenderer: ~ReliableSurface : 0x70b56fca40
2021-07-12 19:00:00.374 31229-31263/com.android.todolist D/OpenGLRenderer: endAllActiveAnimators on 0x70c4ddc500 (RippleDrawable) with handle 0x70c16a8fa0
2021-07-12 19:00:00.375 31229-31229/com.android.todolist D/ViewRootImpl@2fac997[MainActivity]: dispatchDetachedFromWindow
2021-07-12 19:00:00.382 31229-31229/com.android.todolist D/InputTransport: Input channel destroyed: '6885948', fd=82
2021-07-12 19:00:00.397 31229-31263/com.android.todolist D/OpenGLRenderer: makeCurrent EglSurface : 0x0 -> 0x70c4bf7400
2021-07-12 19:00:00.398 31229-31229/com.android.todolist D/ViewRootImpl@e82b266[MainActivity]: MSG_WINDOW_FOCUS_CHANGED 1 1
2021-07-12 19:00:00.399 31229-31229/com.android.todolist D/InputMethodManager: prepareNavigationBarInfo() DecorView@ef7cee9[MainActivity]
2021-07-12 19:00:00.399 31229-31229/com.android.todolist D/InputMethodManager: getNavigationBarColor() -855310
2021-07-12 19:00:00.401 31229-31229/com.android.todolist D/InputMethodManager: prepareNavigationBarInfo() DecorView@ef7cee9[MainActivity]
2021-07-12 19:00:00.401 31229-31229/com.android.todolist D/InputMethodManager: getNavigationBarColor() -855310
2021-07-12 19:00:00.401 31229-31229/com.android.todolist V/InputMethodManager: Starting input: tba=com.android.todolist ic=null mNaviBarColor -855310 mIsGetNaviBarColorSuccess true , NavVisible : true , NavTrans : false
2021-07-12 19:00:00.401 31229-31229/com.android.todolist D/InputMethodManager: startInputInner - Id : 0
2021-07-12 19:00:00.401 31229-31229/com.android.todolist I/InputMethodManager: startInputInner - mService.startInputOrWindowGainedFocus
2021-07-12 19:00:00.406 31229-31229/com.android.todolist D/InputTransport: Input channel destroyed: 'ClientS', fd=83
2021-07-12 19:00:00.406 31229-31229/com.android.todolist E/ViewRootImpl: sendUserActionEvent() mView returned.
2021-07-12 19:00:00.420 31229-31229/com.android.todolist W/IInputConnectionWrapper: requestCursorAnchorInfo on inactive InputConnection
2021-07-12 19:00:00.480 31229-31229/com.android.todolist D/ViewRootImpl@e82b266[MainActivity]: MSG_RESIZED: frame=(0,0,1080,2280) ci=(0,90,0,126) vi=(0,90,0,126) or=1
2021-07-12 19:00:00.501 31229-31229/com.android.todolist D/ViewRootImpl@e82b266[MainActivity]: Relayout returned: old=(0,0,1080,2280) new=(0,0,1080,2280) req=(1080,2280)0 dur=6 res=0x1 s={true 484336889856} ch=false
2021-07-12 19:00:01.728 31229-31229/com.android.todolist D/ViewRootImpl@e82b266[MainActivity]: ViewPostIme pointer 0
2021-07-12 19:00:01.791 31229-31229/com.android.todolist D/ViewRootImpl@e82b266[MainActivity]: ViewPostIme pointer 1
2021-07-12 19:00:01.808 31229-31229/com.android.todolist D/Dialog: mIsSamsungBasicInteraction = false, isMetaDataInActivity = false
2021-07-12 19:00:01.813 31229-31229/com.android.todolist I/MultiWindowDecorSupport: updateCaptionType >> DecorView@6b4785a[], isFloating: true, isApplication: true, hasWindowDecorCaption: false, hasWindowControllerCallback: false
2021-07-12 19:00:01.813 31229-31229/com.android.todolist D/MultiWindowDecorSupport: setCaptionType = 0, DecorView = DecorView@6b4785a[]
2021-07-12 19:00:01.828 31229-31229/com.android.todolist D/ScrollView: initGoToTop
2021-07-12 19:00:01.838 31229-31229/com.android.todolist D/ViewRootImpl@c303fac[MainActivity]: setView = com.android.internal.policy.DecorView@6b4785a TM=true MM=false
2021-07-12 19:00:01.854 31229-31229/com.android.todolist D/ViewRootImpl@c303fac[MainActivity]: Relayout returned: old=(0,90,1080,2154) new=(28,838,1052,1406) req=(1024,568)0 dur=5 res=0x7 s={true 484340719616} ch=true
2021-07-12 19:00:01.854 31229-31263/com.android.todolist D/OpenGLRenderer: createReliableSurface : 0x71ba1dbdc0(0x70c4f4e000)
2021-07-12 19:00:01.855 31229-31263/com.android.todolist I/mali_winsys: new_window_surface() [1192x736] return: 0x3000
2021-07-12 19:00:01.859 31229-31229/com.android.todolist D/ScrollView:  onsize change changed
2021-07-12 19:00:01.860 31229-31229/com.android.todolist E/DecorView: mWindow.mActivityCurrentConfig is null
2021-07-12 19:00:01.867 31229-31263/com.android.todolist D/OpenGLRenderer: makeCurrent EglSurface : 0x70c4bf7400 -> 0x70c4b68b00
2021-07-12 19:00:01.870 31229-31263/com.android.todolist D/OpenGLRenderer: makeCurrent EglSurface : 0x70c4b68b00 -> 0x70c4bf7400
2021-07-12 19:00:01.874 31229-31229/com.android.todolist D/ViewRootImpl@c303fac[MainActivity]: MSG_WINDOW_FOCUS_CHANGED 1 1
2021-07-12 19:00:01.874 31229-31229/com.android.todolist D/InputMethodManager: prepareNavigationBarInfo() DecorView@6b4785a[MainActivity]
2021-07-12 19:00:01.874 31229-31229/com.android.todolist D/InputMethodManager: getNavigationBarColor() -855310
2021-07-12 19:00:01.877 31229-31229/com.android.todolist D/InputMethodManager: prepareNavigationBarInfo() DecorView@6b4785a[MainActivity]
2021-07-12 19:00:01.877 31229-31229/com.android.todolist D/InputMethodManager: getNavigationBarColor() -855310
2021-07-12 19:00:01.877 31229-31229/com.android.todolist V/InputMethodManager: Starting input: tba=com.android.todolist ic=null mNaviBarColor -855310 mIsGetNaviBarColorSuccess true , NavVisible : true , NavTrans : false
2021-07-12 19:00:01.877 31229-31229/com.android.todolist D/InputMethodManager: startInputInner - Id : 0
2021-07-12 19:00:01.877 31229-31229/com.android.todolist I/InputMethodManager: startInputInner - mService.startInputOrWindowGainedFocus
2021-07-12 19:00:01.880 31229-31229/com.android.todolist D/InputTransport: Input channel destroyed: 'ClientS', fd=80
2021-07-12 19:00:01.883 31229-31263/com.android.todolist D/OpenGLRenderer: makeCurrent EglSurface : 0x70c4bf7400 -> 0x70c4b68b00
2021-07-12 19:00:01.887 31229-31263/com.android.todolist D/OpenGLRenderer: makeCurrent EglSurface : 0x70c4b68b00 -> 0x70c4bf7400
2021-07-12 19:00:01.888 31229-31229/com.android.todolist D/ViewRootImpl@c303fac[MainActivity]: MSG_RESIZED: frame=(28,838,1052,1406) ci=(0,0,0,0) vi=(0,0,0,0) or=1
2021-07-12 19:00:01.889 31229-31229/com.android.todolist D/ViewRootImpl@e82b266[MainActivity]: MSG_WINDOW_FOCUS_CHANGED 0 1
2021-07-12 19:00:01.889 31229-31229/com.android.todolist D/InputMethodManager: prepareNavigationBarInfo() DecorView@ef7cee9[MainActivity]
2021-07-12 19:00:01.889 31229-31229/com.android.todolist D/InputMethodManager: getNavigationBarColor() -855310
2021-07-12 19:00:02.462 31229-31229/com.android.todolist D/ViewRootImpl@c303fac[MainActivity]: ViewPostIme pointer 0
2021-07-12 19:00:02.476 31229-31263/com.android.todolist D/OpenGLRenderer: makeCurrent EglSurface : 0x70c4bf7400 -> 0x70c4b68b00
2021-07-12 19:00:02.550 31229-31229/com.android.todolist D/ViewRootImpl@c303fac[MainActivity]: ViewPostIme pointer 1
2021-07-12 19:00:02.555 31229-31229/com.android.todolist D/InputMethodManager: prepareNavigationBarInfo() DecorView@6b4785a[MainActivity]
2021-07-12 19:00:02.555 31229-31229/com.android.todolist D/InputMethodManager: getNavigationBarColor() -855310
2021-07-12 19:00:02.555 31229-31229/com.android.todolist V/InputMethodManager: Starting input: tba=com.android.todolist ic=com.android.internal.widget.EditableInputConnection@234da74 mNaviBarColor -855310 mIsGetNaviBarColorSuccess true , NavVisible : true , NavTrans : false
2021-07-12 19:00:02.555 31229-31229/com.android.todolist D/InputMethodManager: startInputInner - Id : 0
2021-07-12 19:00:02.561 31229-31229/com.android.todolist I/InputMethodManager: startInputInner - mService.startInputOrWindowGainedFocus
2021-07-12 19:00:02.562 31229-31229/com.android.todolist D/InputTransport: Input channel destroyed: 'ClientS', fd=102
2021-07-12 19:00:02.563 31229-31229/com.android.todolist D/InputMethodManager: SSI - flag : 0 Pid : 31229 view : com.android.todolist
2021-07-12 19:00:02.563 31229-31229/com.android.todolist D/InputMethodManager: prepareNavigationBarInfo() DecorView@6b4785a[MainActivity]
2021-07-12 19:00:02.563 31229-31229/com.android.todolist D/InputMethodManager: getNavigationBarColor() -855310
2021-07-12 19:00:02.566 31229-31229/com.android.todolist D/Editor: waiting for the right moment
2021-07-12 19:00:02.571 31229-31229/com.android.todolist E/ndroid.todolis: Invalid ID 0x00000000.
2021-07-12 19:00:02.578 31229-31229/com.android.todolist I/AssistStructure: Flattened final assist data: 3200 bytes, containing 2 windows, 25 views
2021-07-12 19:00:02.633 31229-31229/com.android.todolist D/ViewRootImpl@e82b266[MainActivity]: MSG_RESIZED: frame=(0,0,1080,2280) ci=(0,90,0,986) vi=(0,90,0,986) or=1
2021-07-12 19:00:02.650 31229-31229/com.android.todolist D/ViewRootImpl@e82b266[MainActivity]: Relayout returned: old=(0,0,1080,2280) new=(0,0,1080,2280) req=(1080,2280)0 dur=6 res=0x1 s={true 484336889856} ch=false
2021-07-12 19:00:02.654 31229-31263/com.android.todolist D/OpenGLRenderer: makeCurrent EglSurface : 0x70c4b68b00 -> 0x70c4bf7400
2021-07-12 19:00:03.063 31229-31263/com.android.todolist D/OpenGLRenderer: makeCurrent EglSurface : 0x70c4bf7400 -> 0x70c4b68b00
2021-07-12 19:00:03.867 31229-31229/com.android.todolist D/ViewRootImpl@c303fac[MainActivity]: ViewPostIme pointer 0
2021-07-12 19:00:03.973 31229-31229/com.android.todolist D/ViewRootImpl@c303fac[MainActivity]: ViewPostIme pointer 1
2021-07-12 19:00:03.986 31229-31263/com.android.todolist D/OpenGLRenderer: makeCurrent EglSurface : 0x70c4b68b00 -> 0x0
2021-07-12 19:00:03.986 31229-31263/com.android.todolist D/OpenGLRenderer: destroyEglSurface : 0x70c4b68b00
2021-07-12 19:00:03.986 31229-31263/com.android.todolist I/mali_egl: eglDestroySurface() in
2021-07-12 19:00:03.990 31229-31263/com.android.todolist I/mali_winsys: delete_surface() [1192x736] return
2021-07-12 19:00:03.990 31229-31263/com.android.todolist I/mali_egl: eglDestroySurface() out
2021-07-12 19:00:03.990 31229-31263/com.android.todolist W/libEGL: EGLNativeWindowType 0x71ba1dbdd0 disconnect failed
2021-07-12 19:00:03.990 31229-31263/com.android.todolist D/OpenGLRenderer: ~ReliableSurface : 0x71ba1dbdc0
2021-07-12 19:00:03.990 31229-31263/com.android.todolist D/OpenGLRenderer: endAllActiveAnimators on 0x70c5097e00 (RippleDrawable) with handle 0x7126d31200
2021-07-12 19:00:03.990 31229-31229/com.android.todolist D/ViewRootImpl@c303fac[MainActivity]: dispatchDetachedFromWindow
2021-07-12 19:00:03.996 31229-31229/com.android.todolist D/InputTransport: Input channel destroyed: '8305bd9', fd=82
2021-07-12 19:00:04.010 31229-31263/com.android.todolist D/OpenGLRenderer: makeCurrent EglSurface : 0x0 -> 0x70c4bf7400
2021-07-12 19:00:04.010 31229-31229/com.android.todolist D/ViewRootImpl@e82b266[MainActivity]: MSG_WINDOW_FOCUS_CHANGED 1 1
2021-07-12 19:00:04.011 31229-31229/com.android.todolist D/InputMethodManager: prepareNavigationBarInfo() DecorView@ef7cee9[MainActivity]
2021-07-12 19:00:04.011 31229-31229/com.android.todolist D/InputMethodManager: getNavigationBarColor() -855310
2021-07-12 19:00:04.012 31229-31229/com.android.todolist D/InputMethodManager: prepareNavigationBarInfo() DecorView@ef7cee9[MainActivity]
2021-07-12 19:00:04.012 31229-31229/com.android.todolist D/InputMethodManager: getNavigationBarColor() -855310
2021-07-12 19:00:04.012 31229-31229/com.android.todolist V/InputMethodManager: Starting input: tba=com.android.todolist ic=null mNaviBarColor -855310 mIsGetNaviBarColorSuccess true , NavVisible : true , NavTrans : false
2021-07-12 19:00:04.012 31229-31229/com.android.todolist D/InputMethodManager: startInputInner - Id : 0
2021-07-12 19:00:04.012 31229-31229/com.android.todolist I/InputMethodManager: startInputInner - mService.startInputOrWindowGainedFocus
2021-07-12 19:00:04.018 31229-31229/com.android.todolist D/InputTransport: Input channel destroyed: 'ClientS', fd=83
2021-07-12 19:00:04.019 31229-31229/com.android.todolist E/ViewRootImpl: sendUserActionEvent() mView returned.
2021-07-12 19:00:04.040 31229-31229/com.android.todolist W/IInputConnectionWrapper: requestCursorAnchorInfo on inactive InputConnection
2021-07-12 19:00:04.094 31229-31229/com.android.todolist D/ViewRootImpl@e82b266[MainActivity]: MSG_RESIZED: frame=(0,0,1080,2280) ci=(0,90,0,126) vi=(0,90,0,126) or=1
2021-07-12 19:00:04.126 31229-31229/com.android.todolist D/ViewRootImpl@e82b266[MainActivity]: Relayout returned: old=(0,0,1080,2280) new=(0,0,1080,2280) req=(1080,2280)0 dur=7 res=0x1 s={true 484336889856} ch=false
2021-07-12 19:01:43.865 31229-31229/com.android.todolist D/ViewRootImpl@e82b266[MainActivity]: ViewPostIme pointer 0
2021-07-12 19:01:43.874 31229-31229/com.android.todolist D/ViewRootImpl: [ViewRootImpl] action cancel - 1, eccen:1.0
2021-07-12 19:01:43.875 31229-31229/com.android.todolist D/ViewRootImpl: [ViewRootImpl] action cancel - 1, eccen:2.875
2021-07-12 19:01:43.897 31229-31229/com.android.todolist D/ViewRootImpl: [ViewRootImpl] action cancel - 1, eccen:2.857143
2021-07-12 19:01:43.945 31229-31229/com.android.todolist D/ViewRootImpl@e82b266[MainActivity]: ViewPostIme pointer 1
2021-07-12 19:01:43.945 31229-31229/com.android.todolist D/ViewRootImpl@e82b266[MainActivity]: ViewPostIme pointer 0
2021-07-12 19:01:43.996 31229-31229/com.android.todolist D/ViewRootImpl@e82b266[MainActivity]: ViewPostIme pointer 1
2021-07-12 19:01:44.087 31229-31229/com.android.todolist D/ViewRootImpl@e82b266[MainActivity]: ViewPostIme pointer 0
2021-07-12 19:01:44.378 31229-31229/com.android.todolist D/ViewRootImpl@e82b266[MainActivity]: ViewPostIme pointer 1
2021-07-12 19:01:44.658 31229-31229/com.android.todolist D/ViewRootImpl@e82b266[MainActivity]: ViewPostIme pointer 0
2021-07-12 19:01:44.659 31229-31229/com.android.todolist D/SmartClipRemoteRequestDispatcher: dispatchInputEventInjection : injection finished. Elapsed = 0
2021-07-12 19:01:44.659 31229-31229/com.android.todolist D/SmartClipRemoteRequestDispatcher: dispatchInputEventInjection : injection finished. Elapsed = 0
2021-07-12 19:01:44.666 31229-31229/com.android.todolist D/SmartClipRemoteRequestDispatcher: dispatchInputEventInjection : injection finished. Elapsed = 0
2021-07-12 19:01:44.684 31229-31229/com.android.todolist D/SmartClipRemoteRequestDispatcher: dispatchInputEventInjection : injection finished. Elapsed = 1
2021-07-12 19:01:44.699 31229-31229/com.android.todolist D/SmartClipRemoteRequestDispatcher: dispatchInputEventInjection : injection finished. Elapsed = 0
2021-07-12 19:01:44.718 31229-31229/com.android.todolist D/SmartClipRemoteRequestDispatcher: dispatchInputEventInjection : injection finished. Elapsed = 0
2021-07-12 19:01:44.734 31229-31229/com.android.todolist D/SmartClipRemoteRequestDispatcher: dispatchInputEventInjection : injection finished. Elapsed = 1
2021-07-12 19:01:44.749 31229-31229/com.android.todolist D/SmartClipRemoteRequestDispatcher: dispatchInputEventInjection : injection finished. Elapsed = 0
2021-07-12 19:01:44.932 31229-31229/com.android.todolist I/chatty: uid=10558(com.android.todolist) identical 9 lines
2021-07-12 19:01:44.947 31229-31229/com.android.todolist D/SmartClipRemoteRequestDispatcher: dispatchInputEventInjection : injection finished. Elapsed = 0
2021-07-12 19:01:44.965 31229-31229/com.android.todolist D/ViewRootImpl@e82b266[MainActivity]: ViewPostIme pointer 1
2021-07-12 19:01:44.966 31229-31229/com.android.todolist D/SmartClipRemoteRequestDispatcher: dispatchInputEventInjection : injection finished. Elapsed = 1
2021-07-12 19:01:50.708 31229-31229/com.android.todolist D/ViewRootImpl@e82b266[MainActivity]: MSG_WINDOW_FOCUS_CHANGED 0 1
2021-07-12 19:01:50.708 31229-31229/com.android.todolist D/InputMethodManager: prepareNavigationBarInfo() DecorView@ef7cee9[MainActivity]
2021-07-12 19:01:50.708 31229-31229/com.android.todolist D/InputMethodManager: getNavigationBarColor() -855310
2021-07-12 19:01:50.775 31229-31229/com.android.todolist D/InputTransport: Input channel destroyed: 'ClientS', fd=80
2021-07-12 19:01:51.084 31229-31263/com.android.todolist D/OpenGLRenderer: makeCurrent EglSurface : 0x70c4bf7400 -> 0x0
2021-07-12 19:01:51.084 31229-31263/com.android.todolist D/OpenGLRenderer: destroyEglSurface : 0x70c4bf7400
2021-07-12 19:01:51.084 31229-31263/com.android.todolist I/mali_egl: eglDestroySurface() in
2021-07-12 19:01:51.086 31229-31263/com.android.todolist I/mali_winsys: delete_surface() [1080x2280] return
2021-07-12 19:01:51.086 31229-31263/com.android.todolist I/mali_egl: eglDestroySurface() out
2021-07-12 19:01:51.086 31229-31263/com.android.todolist W/libEGL: EGLNativeWindowType 0x7126c1bf50 disconnect failed
2021-07-12 19:01:51.086 31229-31263/com.android.todolist D/OpenGLRenderer: ~ReliableSurface : 0x7126c1bf40
2021-07-12 19:01:51.093 31229-31229/com.android.todolist D/ViewRootImpl@e82b266[MainActivity]: Relayout returned: old=(0,0,1080,2280) new=(0,0,1080,2280) req=(1080,2280)8 dur=5 res=0x5 s={false 0} ch=true
2021-07-12 19:01:51.094 31229-31229/com.android.todolist D/ViewRootImpl@e82b266[MainActivity]: stopped(true) old=false
2021-07-12 19:01:51.104 31229-31229/com.android.todolist D/ViewRootImpl@e82b266[MainActivity]: Relayout returned: old=(0,0,1080,2280) new=(0,0,1080,2280) req=(1080,2280)8 dur=2 res=0x5 s={false 0} ch=false
2021-07-12 19:02:10.751 31229-31229/com.android.todolist D/ViewRootImpl@e82b266[MainActivity]: Relayout returned: old=(0,0,1080,2280) new=(0,0,1080,2280) req=(1080,2280)4 dur=24 res=0x1 s={false 0} ch=false
2021-07-12 19:02:10.767 31229-31229/com.android.todolist D/ViewRootImpl@e82b266[MainActivity]: dispatchDetachedFromWindow
2021-07-12 19:02:10.771 31229-31229/com.android.todolist D/InputTransport: Input channel destroyed: '223bdbf', fd=86
2021-07-12 19:02:10.796 31229-31229/com.android.todolist D/PhoneWindow: forceLight changed to true [] from com.android.internal.policy.PhoneWindow.updateForceLightNavigationBar:4268 com.android.internal.policy.DecorView.updateColorViews:1494 com.android.internal.policy.PhoneWindow.dispatchWindowAttributesChanged:3246 android.view.Window.setFlags:1148 com.android.internal.policy.PhoneWindow.generateLayout:2474
2021-07-12 19:02:10.796 31229-31229/com.android.todolist I/MultiWindowDecorSupport: updateCaptionType >> DecorView@3fdc8a4[], isFloating: false, isApplication: true, hasWindowDecorCaption: false, hasWindowControllerCallback: true
2021-07-12 19:02:10.796 31229-31229/com.android.todolist D/MultiWindowDecorSupport: setCaptionType = 0, DecorView = DecorView@3fdc8a4[]
2021-07-12 19:02:10.844 31229-31229/com.android.todolist D/ViewRootImpl@97f0360[MainActivity]: setView = com.android.internal.policy.DecorView@3fdc8a4 TM=true MM=false
2021-07-12 19:02:10.877 31229-31229/com.android.todolist D/ViewRootImpl@97f0360[MainActivity]: Relayout returned: old=(0,0,1080,2280) new=(0,0,1080,2280) req=(1080,2280)0 dur=8 res=0x7 s={true 484342231040} ch=true
2021-07-12 19:02:10.878 31229-31263/com.android.todolist D/OpenGLRenderer: createReliableSurface : 0x70b56fccc0(0x70c50bf000)
2021-07-12 19:02:10.879 31229-31263/com.android.todolist I/mali_winsys: new_window_surface() [1080x2280] return: 0x3000
2021-07-12 19:02:10.906 31229-31263/com.android.todolist D/OpenGLRenderer: makeCurrent EglSurface : 0x0 -> 0x70c4beae80
2021-07-12 19:02:10.933 31229-31229/com.android.todolist D/ViewRootImpl@97f0360[MainActivity]: MSG_WINDOW_FOCUS_CHANGED 1 1
2021-07-12 19:02:10.933 31229-31229/com.android.todolist D/InputMethodManager: prepareNavigationBarInfo() DecorView@3fdc8a4[MainActivity]
2021-07-12 19:02:10.933 31229-31229/com.android.todolist D/InputMethodManager: getNavigationBarColor() -855310
2021-07-12 19:02:10.935 31229-31229/com.android.todolist D/InputMethodManager: prepareNavigationBarInfo() DecorView@3fdc8a4[MainActivity]
2021-07-12 19:02:10.935 31229-31229/com.android.todolist D/InputMethodManager: getNavigationBarColor() -855310
2021-07-12 19:02:10.935 31229-31229/com.android.todolist V/InputMethodManager: Starting input: tba=com.android.todolist ic=null mNaviBarColor -855310 mIsGetNaviBarColorSuccess true , NavVisible : true , NavTrans : false
2021-07-12 19:02:10.935 31229-31229/com.android.todolist D/InputMethodManager: startInputInner - Id : 0
2021-07-12 19:02:10.935 31229-31229/com.android.todolist I/InputMethodManager: startInputInner - mService.startInputOrWindowGainedFocus
2021-07-12 19:02:10.943 31229-31229/com.android.todolist D/ViewRootImpl@97f0360[MainActivity]: MSG_RESIZED: frame=(0,0,1080,2280) ci=(0,90,0,126) vi=(0,90,0,126) or=1
2021-07-12 19:02:10.946 31229-31229/com.android.todolist D/InputMethodManager: prepareNavigationBarInfo() DecorView@3fdc8a4[MainActivity]
2021-07-12 19:02:10.946 31229-31229/com.android.todolist D/InputMethodManager: getNavigationBarColor() -855310
2021-07-12 19:02:10.946 31229-31229/com.android.todolist V/InputMethodManager: Starting input: tba=com.android.todolist ic=null mNaviBarColor -855310 mIsGetNaviBarColorSuccess true , NavVisible : true , NavTrans : false
2021-07-12 19:02:10.946 31229-31229/com.android.todolist D/InputMethodManager: startInputInner - Id : 0
2021-07-12 19:02:13.296 31229-31229/com.android.todolist D/ViewRootImpl@97f0360[MainActivity]: ViewPostIme pointer 0
2021-07-12 19:02:13.388 31229-31229/com.android.todolist D/ViewRootImpl@97f0360[MainActivity]: ViewPostIme pointer 1
2021-07-12 19:02:13.408 31229-31229/com.android.todolist D/Dialog: mIsSamsungBasicInteraction = false, isMetaDataInActivity = false
2021-07-12 19:02:13.413 31229-31229/com.android.todolist I/MultiWindowDecorSupport: updateCaptionType >> DecorView@f8b4b26[], isFloating: true, isApplication: true, hasWindowDecorCaption: false, hasWindowControllerCallback: false
2021-07-12 19:02:13.413 31229-31229/com.android.todolist D/MultiWindowDecorSupport: setCaptionType = 0, DecorView = DecorView@f8b4b26[]
2021-07-12 19:02:13.428 31229-31229/com.android.todolist D/ScrollView: initGoToTop
2021-07-12 19:02:13.442 31229-31229/com.android.todolist D/ViewRootImpl@1a527b0[MainActivity]: setView = com.android.internal.policy.DecorView@f8b4b26 TM=true MM=false
2021-07-12 19:02:13.460 31229-31229/com.android.todolist D/ViewRootImpl@1a527b0[MainActivity]: Relayout returned: old=(0,90,1080,2154) new=(28,838,1052,1406) req=(1024,568)0 dur=12 res=0x7 s={true 484339855360} ch=true
2021-07-12 19:02:13.460 31229-31263/com.android.todolist D/OpenGLRenderer: createReliableSurface : 0x7126c1e100(0x70c4e7b000)
2021-07-12 19:02:13.461 31229-31263/com.android.todolist I/mali_winsys: new_window_surface() [1192x736] return: 0x3000
2021-07-12 19:02:13.462 31229-31229/com.android.todolist D/ScrollView:  onsize change changed
2021-07-12 19:02:13.465 31229-31229/com.android.todolist E/DecorView: mWindow.mActivityCurrentConfig is null
2021-07-12 19:02:13.467 31229-31263/com.android.todolist D/OpenGLRenderer: makeCurrent EglSurface : 0x70c4beae80 -> 0x70c4aeb900
2021-07-12 19:02:13.469 31229-31263/com.android.todolist D/OpenGLRenderer: makeCurrent EglSurface : 0x70c4aeb900 -> 0x70c4beae80
2021-07-12 19:02:13.470 31229-31229/com.android.todolist D/ViewRootImpl@1a527b0[MainActivity]: MSG_WINDOW_FOCUS_CHANGED 1 1
2021-07-12 19:02:13.470 31229-31229/com.android.todolist D/InputMethodManager: prepareNavigationBarInfo() DecorView@f8b4b26[MainActivity]
2021-07-12 19:02:13.470 31229-31229/com.android.todolist D/InputMethodManager: getNavigationBarColor() -855310
2021-07-12 19:02:13.480 31229-31229/com.android.todolist D/InputMethodManager: prepareNavigationBarInfo() DecorView@f8b4b26[MainActivity]
2021-07-12 19:02:13.480 31229-31229/com.android.todolist D/InputMethodManager: getNavigationBarColor() -855310
2021-07-12 19:02:13.480 31229-31229/com.android.todolist V/InputMethodManager: Starting input: tba=com.android.todolist ic=null mNaviBarColor -855310 mIsGetNaviBarColorSuccess true , NavVisible : true , NavTrans : false
2021-07-12 19:02:13.480 31229-31229/com.android.todolist D/InputMethodManager: startInputInner - Id : 0
2021-07-12 19:02:13.480 31229-31229/com.android.todolist I/InputMethodManager: startInputInner - mService.startInputOrWindowGainedFocus
2021-07-12 19:02:13.500 31229-31229/com.android.todolist D/InputTransport: Input channel destroyed: 'ClientS', fd=83
2021-07-12 19:02:13.501 31229-31263/com.android.todolist D/OpenGLRenderer: makeCurrent EglSurface : 0x70c4beae80 -> 0x70c4aeb900
2021-07-12 19:02:13.504 31229-31263/com.android.todolist D/OpenGLRenderer: makeCurrent EglSurface : 0x70c4aeb900 -> 0x70c4beae80
2021-07-12 19:02:13.504 31229-31229/com.android.todolist D/ViewRootImpl@1a527b0[MainActivity]: MSG_RESIZED: frame=(28,838,1052,1406) ci=(0,0,0,0) vi=(0,0,0,0) or=1
2021-07-12 19:02:13.505 31229-31229/com.android.todolist D/ViewRootImpl@97f0360[MainActivity]: MSG_WINDOW_FOCUS_CHANGED 0 1
2021-07-12 19:02:13.505 31229-31229/com.android.todolist D/InputMethodManager: prepareNavigationBarInfo() DecorView@3fdc8a4[MainActivity]
2021-07-12 19:02:13.505 31229-31229/com.android.todolist D/InputMethodManager: getNavigationBarColor() -855310
2021-07-12 19:02:14.171 31229-31229/com.android.todolist D/ViewRootImpl@1a527b0[MainActivity]: ViewPostIme pointer 0
2021-07-12 19:02:14.175 31229-31263/com.android.todolist D/OpenGLRenderer: makeCurrent EglSurface : 0x70c4beae80 -> 0x70c4aeb900
2021-07-12 19:02:14.255 31229-31229/com.android.todolist D/ViewRootImpl@1a527b0[MainActivity]: ViewPostIme pointer 1
2021-07-12 19:02:14.260 31229-31229/com.android.todolist D/InputMethodManager: prepareNavigationBarInfo() DecorView@f8b4b26[MainActivity]
2021-07-12 19:02:14.260 31229-31229/com.android.todolist D/InputMethodManager: getNavigationBarColor() -855310
2021-07-12 19:02:14.261 31229-31229/com.android.todolist V/InputMethodManager: Starting input: tba=com.android.todolist ic=com.android.internal.widget.EditableInputConnection@90a67f8 mNaviBarColor -855310 mIsGetNaviBarColorSuccess true , NavVisible : true , NavTrans : false
2021-07-12 19:02:14.261 31229-31229/com.android.todolist D/InputMethodManager: startInputInner - Id : 0
2021-07-12 19:02:14.265 31229-31229/com.android.todolist I/InputMethodManager: startInputInner - mService.startInputOrWindowGainedFocus
2021-07-12 19:02:14.267 31229-31229/com.android.todolist D/InputTransport: Input channel destroyed: 'ClientS', fd=88
2021-07-12 19:02:14.267 31229-31229/com.android.todolist D/InputMethodManager: SSI - flag : 0 Pid : 31229 view : com.android.todolist
2021-07-12 19:02:14.267 31229-31229/com.android.todolist D/InputMethodManager: prepareNavigationBarInfo() DecorView@f8b4b26[MainActivity]
2021-07-12 19:02:14.267 31229-31229/com.android.todolist D/InputMethodManager: getNavigationBarColor() -855310
2021-07-12 19:02:14.270 31229-31229/com.android.todolist D/Editor: waiting for the right moment
2021-07-12 19:02:14.276 31229-31229/com.android.todolist E/ndroid.todolis: Invalid ID 0x00000000.
2021-07-12 19:02:14.279 31229-31229/com.android.todolist I/AssistStructure: Flattened final assist data: 3200 bytes, containing 2 windows, 25 views
2021-07-12 19:02:14.421 31229-31229/com.android.todolist D/ViewRootImpl@97f0360[MainActivity]: MSG_RESIZED: frame=(0,0,1080,2280) ci=(0,90,0,986) vi=(0,90,0,986) or=1
2021-07-12 19:02:14.434 31229-31229/com.android.todolist D/ViewRootImpl@97f0360[MainActivity]: Relayout returned: old=(0,0,1080,2280) new=(0,0,1080,2280) req=(1080,2280)0 dur=8 res=0x1 s={true 484342231040} ch=false
2021-07-12 19:02:14.451 31229-31263/com.android.todolist D/OpenGLRenderer: makeCurrent EglSurface : 0x70c4aeb900 -> 0x70c4beae80
2021-07-12 19:02:14.757 31229-31263/com.android.todolist D/OpenGLRenderer: makeCurrent EglSurface : 0x70c4beae80 -> 0x70c4aeb900
2021-07-12 19:02:16.025 31229-31263/com.android.todolist D/OpenGLRenderer: makeCurrent EglSurface : 0x70c4aeb900 -> 0x70c4beae80
2021-07-12 19:02:16.308 31229-31263/com.android.todolist D/OpenGLRenderer: makeCurrent EglSurface : 0x70c4beae80 -> 0x70c4aeb900
2021-07-12 19:02:16.489 31229-31229/com.android.todolist D/ViewRootImpl@1a527b0[MainActivity]: ViewPostIme pointer 0
2021-07-12 19:02:16.597 31229-31229/com.android.todolist D/ViewRootImpl@1a527b0[MainActivity]: ViewPostIme pointer 1
2021-07-12 19:02:16.606 31229-31263/com.android.todolist D/OpenGLRenderer: makeCurrent EglSurface : 0x70c4aeb900 -> 0x0
2021-07-12 19:02:16.606 31229-31263/com.android.todolist D/OpenGLRenderer: destroyEglSurface : 0x70c4aeb900
2021-07-12 19:02:16.606 31229-31263/com.android.todolist I/mali_egl: eglDestroySurface() in
2021-07-12 19:02:16.610 31229-31263/com.android.todolist I/mali_winsys: delete_surface() [1192x736] return
2021-07-12 19:02:16.610 31229-31263/com.android.todolist I/mali_egl: eglDestroySurface() out
2021-07-12 19:02:16.610 31229-31263/com.android.todolist W/libEGL: EGLNativeWindowType 0x7126c1e110 disconnect failed
2021-07-12 19:02:16.610 31229-31263/com.android.todolist D/OpenGLRenderer: ~ReliableSurface : 0x7126c1e100
2021-07-12 19:02:16.610 31229-31263/com.android.todolist D/OpenGLRenderer: endAllActiveAnimators on 0x70c49f8e00 (RippleDrawable) with handle 0x7126c55580
2021-07-12 19:02:16.610 31229-31229/com.android.todolist D/ViewRootImpl@1a527b0[MainActivity]: dispatchDetachedFromWindow
2021-07-12 19:02:16.615 31229-31229/com.android.todolist D/InputTransport: Input channel destroyed: '578dd26', fd=85
2021-07-12 19:02:16.626 31229-31263/com.android.todolist D/OpenGLRenderer: makeCurrent EglSurface : 0x0 -> 0x70c4beae80
2021-07-12 19:02:16.626 31229-31229/com.android.todolist D/ViewRootImpl@97f0360[MainActivity]: MSG_WINDOW_FOCUS_CHANGED 1 1
2021-07-12 19:02:16.627 31229-31229/com.android.todolist D/InputMethodManager: prepareNavigationBarInfo() DecorView@3fdc8a4[MainActivity]
2021-07-12 19:02:16.627 31229-31229/com.android.todolist D/InputMethodManager: getNavigationBarColor() -855310
2021-07-12 19:02:16.627 31229-31229/com.android.todolist D/InputMethodManager: prepareNavigationBarInfo() DecorView@3fdc8a4[MainActivity]
2021-07-12 19:02:16.627 31229-31229/com.android.todolist D/InputMethodManager: getNavigationBarColor() -855310
2021-07-12 19:02:16.627 31229-31229/com.android.todolist V/InputMethodManager: Starting input: tba=com.android.todolist ic=null mNaviBarColor -855310 mIsGetNaviBarColorSuccess true , NavVisible : true , NavTrans : false
2021-07-12 19:02:16.628 31229-31229/com.android.todolist D/InputMethodManager: startInputInner - Id : 0
2021-07-12 19:02:16.628 31229-31229/com.android.todolist I/InputMethodManager: startInputInner - mService.startInputOrWindowGainedFocus
2021-07-12 19:02:16.631 31229-31229/com.android.todolist D/InputTransport: Input channel destroyed: 'ClientS', fd=86
2021-07-12 19:02:16.631 31229-31229/com.android.todolist E/ViewRootImpl: sendUserActionEvent() mView returned.
2021-07-12 19:02:16.646 31229-31229/com.android.todolist W/IInputConnectionWrapper: requestCursorAnchorInfo on inactive InputConnection
2021-07-12 19:02:16.733 31229-31229/com.android.todolist D/ViewRootImpl@97f0360[MainActivity]: MSG_RESIZED: frame=(0,0,1080,2280) ci=(0,90,0,126) vi=(0,90,0,126) or=1
2021-07-12 19:02:16.752 31229-31229/com.android.todolist D/ViewRootImpl@97f0360[MainActivity]: Relayout returned: old=(0,0,1080,2280) new=(0,0,1080,2280) req=(1080,2280)0 dur=2 res=0x1 s={true 484342231040} ch=false
2021-07-12 19:02:17.648 31229-31229/com.android.todolist D/ViewRootImpl@97f0360[MainActivity]: ViewPostIme pointer 0
2021-07-12 19:02:17.741 31229-31229/com.android.todolist D/ViewRootImpl@97f0360[MainActivity]: ViewPostIme pointer 1
2021-07-12 19:02:17.750 31229-31229/com.android.todolist D/Dialog: mIsSamsungBasicInteraction = false, isMetaDataInActivity = false
2021-07-12 19:02:17.754 31229-31229/com.android.todolist I/MultiWindowDecorSupport: updateCaptionType >> DecorView@9194258[], isFloating: true, isApplication: true, hasWindowDecorCaption: false, hasWindowControllerCallback: false
2021-07-12 19:02:17.754 31229-31229/com.android.todolist D/MultiWindowDecorSupport: setCaptionType = 0, DecorView = DecorView@9194258[]
2021-07-12 19:02:17.760 31229-31229/com.android.todolist D/ScrollView: initGoToTop
2021-07-12 19:02:17.766 31229-31229/com.android.todolist D/ViewRootImpl@af77d7a[MainActivity]: setView = com.android.internal.policy.DecorView@9194258 TM=true MM=false
2021-07-12 19:02:17.777 31229-31229/com.android.todolist D/ViewRootImpl@af77d7a[MainActivity]: Relayout returned: old=(0,90,1080,2154) new=(28,838,1052,1406) req=(1024,568)0 dur=7 res=0x7 s={true 484336865280} ch=true
2021-07-12 19:02:17.777 31229-31263/com.android.todolist D/OpenGLRenderer: createReliableSurface : 0x70b56fd080(0x70c4ba1000)
2021-07-12 19:02:17.778 31229-31263/com.android.todolist I/mali_winsys: new_window_surface() [1192x736] return: 0x3000
2021-07-12 19:02:17.779 31229-31229/com.android.todolist D/ScrollView:  onsize change changed
2021-07-12 19:02:17.780 31229-31229/com.android.todolist E/DecorView: mWindow.mActivityCurrentConfig is null
2021-07-12 19:02:17.782 31229-31263/com.android.todolist D/OpenGLRenderer: makeCurrent EglSurface : 0x70c4beae80 -> 0x70c50dd380
2021-07-12 19:02:17.784 31229-31263/com.android.todolist D/OpenGLRenderer: makeCurrent EglSurface : 0x70c50dd380 -> 0x70c4beae80
2021-07-12 19:02:17.786 31229-31229/com.android.todolist D/ViewRootImpl@af77d7a[MainActivity]: MSG_WINDOW_FOCUS_CHANGED 1 1
2021-07-12 19:02:17.786 31229-31229/com.android.todolist D/InputMethodManager: prepareNavigationBarInfo() DecorView@9194258[MainActivity]
2021-07-12 19:02:17.786 31229-31229/com.android.todolist D/InputMethodManager: getNavigationBarColor() -855310
2021-07-12 19:02:17.787 31229-31229/com.android.todolist D/InputMethodManager: prepareNavigationBarInfo() DecorView@9194258[MainActivity]
2021-07-12 19:02:17.787 31229-31229/com.android.todolist D/InputMethodManager: getNavigationBarColor() -855310
2021-07-12 19:02:17.787 31229-31229/com.android.todolist V/InputMethodManager: Starting input: tba=com.android.todolist ic=null mNaviBarColor -855310 mIsGetNaviBarColorSuccess true , NavVisible : true , NavTrans : false
2021-07-12 19:02:17.788 31229-31229/com.android.todolist D/InputMethodManager: startInputInner - Id : 0
2021-07-12 19:02:17.788 31229-31229/com.android.todolist I/InputMethodManager: startInputInner - mService.startInputOrWindowGainedFocus
2021-07-12 19:02:17.789 31229-31229/com.android.todolist D/InputTransport: Input channel destroyed: 'ClientS', fd=85
2021-07-12 19:02:17.790 31229-31263/com.android.todolist D/OpenGLRenderer: makeCurrent EglSurface : 0x70c4beae80 -> 0x70c50dd380
2021-07-12 19:02:17.790 31229-31263/com.android.todolist D/OpenGLRenderer: makeCurrent EglSurface : 0x70c50dd380 -> 0x70c4beae80
2021-07-12 19:02:17.790 31229-31229/com.android.todolist D/ViewRootImpl@af77d7a[MainActivity]: MSG_RESIZED: frame=(28,838,1052,1406) ci=(0,0,0,0) vi=(0,0,0,0) or=1
2021-07-12 19:02:17.791 31229-31229/com.android.todolist D/ViewRootImpl@97f0360[MainActivity]: MSG_WINDOW_FOCUS_CHANGED 0 1
2021-07-12 19:02:17.791 31229-31229/com.android.todolist D/InputMethodManager: prepareNavigationBarInfo() DecorView@3fdc8a4[MainActivity]
2021-07-12 19:02:17.791 31229-31229/com.android.todolist D/InputMethodManager: getNavigationBarColor() -855310
2021-07-12 19:02:17.797 31229-31263/com.android.todolist D/OpenGLRenderer: makeCurrent EglSurface : 0x70c4beae80 -> 0x70c50dd380
2021-07-12 19:02:17.809 31229-31263/com.android.todolist D/OpenGLRenderer: makeCurrent EglSurface : 0x70c50dd380 -> 0x70c4beae80
2021-07-12 19:02:18.556 31229-31229/com.android.todolist D/ViewRootImpl@af77d7a[MainActivity]: ViewPostIme pointer 0
2021-07-12 19:02:18.562 31229-31263/com.android.todolist D/OpenGLRenderer: makeCurrent EglSurface : 0x70c4beae80 -> 0x70c50dd380
2021-07-12 19:02:18.575 31229-31263/com.android.todolist D/OpenGLRenderer: makeCurrent EglSurface : 0x70c50dd380 -> 0x70c4beae80
2021-07-12 19:02:18.631 31229-31229/com.android.todolist D/ViewRootImpl@af77d7a[MainActivity]: ViewPostIme pointer 1
2021-07-12 19:02:18.634 31229-31229/com.android.todolist D/InputMethodManager: prepareNavigationBarInfo() DecorView@9194258[MainActivity]
2021-07-12 19:02:18.634 31229-31229/com.android.todolist D/InputMethodManager: getNavigationBarColor() -855310
2021-07-12 19:02:18.634 31229-31229/com.android.todolist V/InputMethodManager: Starting input: tba=com.android.todolist ic=com.android.internal.widget.EditableInputConnection@e5cc382 mNaviBarColor -855310 mIsGetNaviBarColorSuccess true , NavVisible : true , NavTrans : false
2021-07-12 19:02:18.634 31229-31229/com.android.todolist D/InputMethodManager: startInputInner - Id : 0
2021-07-12 19:02:18.638 31229-31229/com.android.todolist I/InputMethodManager: startInputInner - mService.startInputOrWindowGainedFocus
2021-07-12 19:02:18.639 31229-31229/com.android.todolist D/InputTransport: Input channel destroyed: 'ClientS', fd=88
2021-07-12 19:02:18.639 31229-31229/com.android.todolist D/InputMethodManager: SSI - flag : 0 Pid : 31229 view : com.android.todolist
2021-07-12 19:02:18.639 31229-31229/com.android.todolist D/InputMethodManager: prepareNavigationBarInfo() DecorView@9194258[MainActivity]
2021-07-12 19:02:18.639 31229-31229/com.android.todolist D/InputMethodManager: getNavigationBarColor() -855310
2021-07-12 19:02:18.642 31229-31229/com.android.todolist D/Editor: waiting for the right moment
2021-07-12 19:02:18.645 31229-31263/com.android.todolist D/OpenGLRenderer: makeCurrent EglSurface : 0x70c4beae80 -> 0x70c50dd380
2021-07-12 19:02:18.647 31229-31229/com.android.todolist E/ndroid.todolis: Invalid ID 0x00000000.
2021-07-12 19:02:18.652 31229-31229/com.android.todolist I/AssistStructure: Flattened final assist data: 3200 bytes, containing 2 windows, 25 views
2021-07-12 19:02:18.703 31229-31229/com.android.todolist D/ViewRootImpl@97f0360[MainActivity]: MSG_RESIZED: frame=(0,0,1080,2280) ci=(0,90,0,986) vi=(0,90,0,986) or=1
2021-07-12 19:02:18.724 31229-31229/com.android.todolist D/ViewRootImpl@97f0360[MainActivity]: Relayout returned: old=(0,0,1080,2280) new=(0,0,1080,2280) req=(1080,2280)0 dur=9 res=0x1 s={true 484342231040} ch=false
2021-07-12 19:02:18.728 31229-31263/com.android.todolist D/OpenGLRenderer: makeCurrent EglSurface : 0x70c50dd380 -> 0x70c4beae80
2021-07-12 19:02:19.143 31229-31263/com.android.todolist D/OpenGLRenderer: makeCurrent EglSurface : 0x70c4beae80 -> 0x70c50dd380
2021-07-12 19:02:20.074 31229-31229/com.android.todolist D/ViewRootImpl@af77d7a[MainActivity]: ViewPostIme pointer 0
2021-07-12 19:02:20.165 31229-31229/com.android.todolist D/ViewRootImpl@af77d7a[MainActivity]: ViewPostIme pointer 1
2021-07-12 19:02:20.182 31229-31263/com.android.todolist D/OpenGLRenderer: makeCurrent EglSurface : 0x70c50dd380 -> 0x0
2021-07-12 19:02:20.182 31229-31263/com.android.todolist D/OpenGLRenderer: destroyEglSurface : 0x70c50dd380
2021-07-12 19:02:20.182 31229-31263/com.android.todolist I/mali_egl: eglDestroySurface() in
2021-07-12 19:02:20.185 31229-31263/com.android.todolist I/mali_winsys: delete_surface() [1192x736] return
2021-07-12 19:02:20.185 31229-31263/com.android.todolist I/mali_egl: eglDestroySurface() out
2021-07-12 19:02:20.185 31229-31263/com.android.todolist W/libEGL: EGLNativeWindowType 0x70b56fd090 disconnect failed
2021-07-12 19:02:20.185 31229-31263/com.android.todolist D/OpenGLRenderer: ~ReliableSurface : 0x70b56fd080
2021-07-12 19:02:20.185 31229-31263/com.android.todolist D/OpenGLRenderer: endAllActiveAnimators on 0x7095dc5800 (RippleDrawable) with handle 0x7126d108a0
2021-07-12 19:02:20.186 31229-31229/com.android.todolist D/ViewRootImpl@af77d7a[MainActivity]: dispatchDetachedFromWindow
2021-07-12 19:02:20.189 31229-31229/com.android.todolist D/InputTransport: Input channel destroyed: '5063817', fd=83
2021-07-12 19:02:20.204 31229-31263/com.android.todolist D/OpenGLRenderer: makeCurrent EglSurface : 0x0 -> 0x70c4beae80
2021-07-12 19:02:20.204 31229-31229/com.android.todolist D/ViewRootImpl@97f0360[MainActivity]: MSG_WINDOW_FOCUS_CHANGED 1 1
2021-07-12 19:02:20.204 31229-31229/com.android.todolist D/InputMethodManager: prepareNavigationBarInfo() DecorView@3fdc8a4[MainActivity]
2021-07-12 19:02:20.204 31229-31229/com.android.todolist D/InputMethodManager: getNavigationBarColor() -855310
2021-07-12 19:02:20.205 31229-31229/com.android.todolist D/InputMethodManager: prepareNavigationBarInfo() DecorView@3fdc8a4[MainActivity]
2021-07-12 19:02:20.205 31229-31229/com.android.todolist D/InputMethodManager: getNavigationBarColor() -855310
2021-07-12 19:02:20.205 31229-31229/com.android.todolist V/InputMethodManager: Starting input: tba=com.android.todolist ic=null mNaviBarColor -855310 mIsGetNaviBarColorSuccess true , NavVisible : true , NavTrans : false
2021-07-12 19:02:20.205 31229-31229/com.android.todolist D/InputMethodManager: startInputInner - Id : 0
2021-07-12 19:02:20.205 31229-31229/com.android.todolist I/InputMethodManager: startInputInner - mService.startInputOrWindowGainedFocus
2021-07-12 19:02:20.210 31229-31229/com.android.todolist D/InputTransport: Input channel destroyed: 'ClientS', fd=86
2021-07-12 19:02:20.210 31229-31229/com.android.todolist E/ViewRootImpl: sendUserActionEvent() mView returned.
2021-07-12 19:02:20.286 31229-31229/com.android.todolist D/ViewRootImpl@97f0360[MainActivity]: MSG_RESIZED: frame=(0,0,1080,2280) ci=(0,90,0,126) vi=(0,90,0,126) or=1
2021-07-12 19:02:20.297 31229-31229/com.android.todolist D/ViewRootImpl@97f0360[MainActivity]: Relayout returned: old=(0,0,1080,2280) new=(0,0,1080,2280) req=(1080,2280)0 dur=3 res=0x1 s={true 484342231040} ch=false
2021-07-12 19:02:21.833 31229-31229/com.android.todolist D/ViewRootImpl@97f0360[MainActivity]: ViewPostIme pointer 0
2021-07-12 19:02:21.883 31229-31229/com.android.todolist D/ViewRootImpl@97f0360[MainActivity]: ViewPostIme pointer 1
2021-07-12 19:02:21.891 31229-31229/com.android.todolist D/Toast: show: focusDisplayId = 0, isFocusInDesktop = false mCustomDisplayId=-1
2021-07-12 19:02:21.895 31229-31798/com.android.todolist V/Toast: SHOW: android.widget.Toast$TN@635948a
2021-07-12 19:02:21.904 31229-31229/com.android.todolist V/Toast: HANDLE SHOW: android.widget.Toast$TN@635948a mView=null mNextView=android.widget.LinearLayout{4ce7afb V.E...... ......I. 0,0-0,0}
2021-07-12 19:02:21.904 31229-31229/com.android.todolist V/Toast: HANDLE HIDE: android.widget.Toast$TN@635948a mView=null
2021-07-12 19:02:21.909 31229-31229/com.android.todolist D/ViewRootImpl@be06f56[Toast]: setView = android.widget.LinearLayout@4ce7afb TM=true MM=false
2021-07-12 19:02:21.909 31229-31229/com.android.todolist V/Toast: Text: 2 in android.widget.Toast$TN@635948a
2021-07-12 19:02:21.925 31229-31229/com.android.todolist D/ViewRootImpl@be06f56[Toast]: Relayout returned: old=(0,90,1080,2154) new=(463,1870,616,1986) req=(153,116)0 dur=5 res=0x7 s={true 483550912512} ch=true
2021-07-12 19:02:21.925 31229-31263/com.android.todolist D/OpenGLRenderer: createReliableSurface : 0x711fdabe00(0x7095e16000)
2021-07-12 19:02:21.926 31229-31263/com.android.todolist I/mali_winsys: new_window_surface() [153x116] return: 0x3000
2021-07-12 19:02:21.927 31229-31263/com.android.todolist D/OpenGLRenderer: makeCurrent EglSurface : 0x70c4beae80 -> 0x70c4c88e00
2021-07-12 19:02:21.929 31229-31229/com.android.todolist W/ActivityThread: handleWindowVisibility: no activity for token android.os.BinderProxy@64f7cc4
2021-07-12 19:02:21.939 31229-31229/com.android.todolist D/PhoneWindow: forceLight changed to true [] from com.android.internal.policy.PhoneWindow.updateForceLightNavigationBar:4268 com.android.internal.policy.DecorView.updateColorViews:1494 com.android.internal.policy.PhoneWindow.dispatchWindowAttributesChanged:3246 android.view.Window.setFlags:1148 com.android.internal.policy.PhoneWindow.generateLayout:2474
2021-07-12 19:02:21.940 31229-31229/com.android.todolist I/MultiWindowDecorSupport: updateCaptionType >> DecorView@529a130[], isFloating: false, isApplication: true, hasWindowDecorCaption: false, hasWindowControllerCallback: true
2021-07-12 19:02:21.940 31229-31229/com.android.todolist D/MultiWindowDecorSupport: setCaptionType = 0, DecorView = DecorView@529a130[]
2021-07-12 19:02:21.976 31229-31229/com.android.todolist D/ViewRootImpl@53dc75f[ListActivity]: setView = com.android.internal.policy.DecorView@529a130 TM=true MM=false
2021-07-12 19:02:21.979 31229-31263/com.android.todolist D/OpenGLRenderer: makeCurrent EglSurface : 0x70c4c88e00 -> 0x70c4beae80
2021-07-12 19:02:21.986 31229-31229/com.android.todolist D/ViewRootImpl@53dc75f[ListActivity]: Relayout returned: old=(0,0,1080,2280) new=(0,0,1080,2280) req=(1080,2280)0 dur=4 res=0x7 s={true 483550941184} ch=true
2021-07-12 19:02:21.986 31229-31263/com.android.todolist D/OpenGLRenderer: createReliableSurface : 0x7126c1be00(0x7095e1d000)
2021-07-12 19:02:21.986 31229-31263/com.android.todolist I/mali_winsys: new_window_surface() [1080x2280] return: 0x3000
2021-07-12 19:02:21.991 31229-31263/com.android.todolist D/OpenGLRenderer: makeCurrent EglSurface : 0x70c4beae80 -> 0x7095e04100
2021-07-12 19:02:21.996 31229-31229/com.android.todolist D/ViewRootImpl@97f0360[MainActivity]: MSG_WINDOW_FOCUS_CHANGED 0 1
2021-07-12 19:02:21.996 31229-31229/com.android.todolist D/InputMethodManager: prepareNavigationBarInfo() DecorView@3fdc8a4[MainActivity]
2021-07-12 19:02:21.996 31229-31229/com.android.todolist D/InputMethodManager: getNavigationBarColor() -855310
2021-07-12 19:02:21.998 31229-31229/com.android.todolist D/ViewRootImpl@be06f56[Toast]: MSG_RESIZED: frame=(463,1870,616,1986) ci=(0,0,0,0) vi=(0,0,153,116) or=1
2021-07-12 19:02:21.999 31229-31263/com.android.todolist D/OpenGLRenderer: makeCurrent EglSurface : 0x7095e04100 -> 0x70c4beae80
2021-07-12 19:02:22.000 31229-31263/com.android.todolist D/OpenGLRenderer: makeCurrent EglSurface : 0x70c4beae80 -> 0x7095e04100
2021-07-12 19:02:22.004 31229-31229/com.android.todolist D/ViewRootImpl@53dc75f[ListActivity]: MSG_WINDOW_FOCUS_CHANGED 1 1
2021-07-12 19:02:22.005 31229-31229/com.android.todolist D/InputMethodManager: prepareNavigationBarInfo() DecorView@529a130[ListActivity]
